Component: ARM Compiler 5.06 update 7 (build 960) Tool: armlink [4d3601]

==============================================================================

Section Cross References

    startup_stm32f407xx.o(RESET) refers to startup_stm32f407xx.o(STACK) for __initial_sp
    startup_stm32f407xx.o(RESET) refers to startup_stm32f407xx.o(.text) for Reset_Handler
    startup_stm32f407xx.o(RESET) refers to stm32f4xx_it.o(i.NMI_Handler) for NMI_Handler
    startup_stm32f407xx.o(RESET) refers to stm32f4xx_it.o(i.HardFault_Handler) for HardFault_Handler
    startup_stm32f407xx.o(RESET) refers to stm32f4xx_it.o(i.MemManage_Handler) for MemManage_Handler
    startup_stm32f407xx.o(RESET) refers to stm32f4xx_it.o(i.BusFault_Handler) for BusFault_Handler
    startup_stm32f407xx.o(RESET) refers to stm32f4xx_it.o(i.UsageFault_Handler) for UsageFault_Handler
    startup_stm32f407xx.o(RESET) refers to port.o(.emb_text) for SVC_Handler
    startup_stm32f407xx.o(RESET) refers to stm32f4xx_it.o(i.DebugMon_Handler) for DebugMon_Handler
    startup_stm32f407xx.o(RESET) refers to cmsis_os2.o(i.SysTick_Handler) for SysTick_Handler
    startup_stm32f407xx.o(RESET) refers to stm32f4xx_it.o(i.TIM2_IRQHandler) for TIM2_IRQHandler
    startup_stm32f407xx.o(RESET) refers to stm32f4xx_it.o(i.USART1_IRQHandler) for USART1_IRQHandler
    startup_stm32f407xx.o(.text) refers to system_stm32f4xx.o(i.SystemInit) for SystemInit
    startup_stm32f407xx.o(.text) refers to entry.o(.ARM.Collect$$$$00000000) for __main
    main.o(i.HAL_TIM_PeriodElapsedCallback) refers to stm32f4xx_hal.o(i.HAL_IncTick) for HAL_IncTick
    main.o(i.SystemClock_Config) refers to memseta.o(.text) for __aeabi_memclr4
    main.o(i.SystemClock_Config) refers to stm32f4xx_hal_rcc.o(i.HAL_RCC_OscConfig) for HAL_RCC_OscConfig
    main.o(i.SystemClock_Config) refers to stm32f4xx_hal_rcc.o(i.HAL_RCC_ClockConfig) for HAL_RCC_ClockConfig
    main.o(i.fputc) refers to stm32f4xx_hal_uart.o(i.HAL_UART_Transmit) for HAL_UART_Transmit
    main.o(i.fputc) refers to usart.o(.bss) for huart1
    main.o(i.main) refers to stm32f4xx_hal.o(i.HAL_Init) for HAL_Init
    main.o(i.main) refers to mpu6050.o(i.MPU6050_Init) for MPU6050_Init
    main.o(i.main) refers to main.o(i.SystemClock_Config) for SystemClock_Config
    main.o(i.main) refers to gpio.o(i.MX_GPIO_Init) for MX_GPIO_Init
    main.o(i.main) refers to usart.o(i.MX_USART1_UART_Init) for MX_USART1_UART_Init
    main.o(i.main) refers to spi.o(i.MX_SPI1_Init) for MX_SPI1_Init
    main.o(i.main) refers to tim.o(i.MX_TIM3_Init) for MX_TIM3_Init
    main.o(i.main) refers to printfa.o(i.__0printf) for __2printf
    main.o(i.main) refers to cmsis_os2.o(i.osKernelInitialize) for osKernelInitialize
    main.o(i.main) refers to freertos.o(i.MX_FREERTOS_Init) for MX_FREERTOS_Init
    main.o(i.main) refers to cmsis_os2.o(i.osKernelStart) for osKernelStart
    gpio.o(i.MX_GPIO_Init) refers to memseta.o(.text) for __aeabi_memclr4
    gpio.o(i.MX_GPIO_Init) refers to stm32f4xx_hal_gpio.o(i.HAL_GPIO_WritePin) for HAL_GPIO_WritePin
    gpio.o(i.MX_GPIO_Init) refers to stm32f4xx_hal_gpio.o(i.HAL_GPIO_Init) for HAL_GPIO_Init
    freertos.o(i.DataGet) refers to tasks.o(i.xTaskGetTickCount) for xTaskGetTickCount
    freertos.o(i.DataGet) refers to tasks.o(i.vTaskDelayUntil) for vTaskDelayUntil
    freertos.o(i.DataTrans) refers to tasks.o(i.xTaskGetTickCount) for xTaskGetTickCount
    freertos.o(i.DataTrans) refers to tasks.o(i.vTaskDelayUntil) for vTaskDelayUntil
    freertos.o(i.MX_FREERTOS_Init) refers to cmsis_os2.o(i.osMessageQueueNew) for osMessageQueueNew
    freertos.o(i.MX_FREERTOS_Init) refers to cmsis_os2.o(i.osThreadNew) for osThreadNew
    freertos.o(i.MX_FREERTOS_Init) refers to freertos.o(.constdata) for .constdata
    freertos.o(i.MX_FREERTOS_Init) refers to freertos.o(.data) for .data
    freertos.o(i.MX_FREERTOS_Init) refers to mpu6050get.o(i.Mpu6050) for Mpu6050
    freertos.o(i.MX_FREERTOS_Init) refers to show.o(i.Show) for Show
    freertos.o(i.MX_FREERTOS_Init) refers to freertos.o(i.DataTrans) for DataTrans
    freertos.o(i.MX_FREERTOS_Init) refers to freertos.o(i.DataGet) for DataGet
    freertos.o(i.MX_FREERTOS_Init) refers to freertos.o(i.Model) for Model
    freertos.o(i.Model) refers to tasks.o(i.xTaskGetTickCount) for xTaskGetTickCount
    freertos.o(i.Model) refers to tasks.o(i.vTaskDelayUntil) for vTaskDelayUntil
    freertos.o(.constdata) refers to freertos.o(.conststring) for .conststring
    freertos.o(.constdata) refers to freertos.o(.bss) for Mpu6050TaskControlBlock
    freertos.o(.constdata) refers to freertos.o(.bss) for Mpu6050TaskBuffer
    freertos.o(.constdata) refers to freertos.o(.bss) for ShowTaskControlBlock
    freertos.o(.constdata) refers to freertos.o(.bss) for ShowTaskBuffer
    freertos.o(.constdata) refers to freertos.o(.bss) for DataTransTaskControlBlock
    freertos.o(.constdata) refers to freertos.o(.bss) for DataTransTaskBuffer
[...]
    .bss                                     0x20005dd4   Section       24  gui_paint.o(.bss)
    HEAP                                     0x20005df0   Section      512  startup_stm32f407xx.o(HEAP)
    STACK                                    0x20005ff0   Section     1024  startup_stm32f407xx.o(STACK)

    Global Symbols

    Symbol Name                              Value     Ov Type        Size  Object(Section)

    BuildAttributes$$THM_ISAv4$E$P$D$K$B$S$7EM$VFPi3$EXTD16$VFPS$VFMA$PE$A:L22UL41UL21$X:L11$S22US41US21$IEEE1$IW$USESV6$~STKCKD$USESV7$~SHL$OTIME$ROPI$EBA8$MICROLIB$REQ8$PRES8$EABIv2 0x00000000   Number         0  anon$$obj.o ABSOLUTE
    __ARM_use_no_argv                        0x00000000   Number         0  main.o ABSOLUTE
    _printf_a                                0x00000000   Number         0  stubs.o ABSOLUTE
    _printf_c                                0x00000000   Number         0  stubs.o ABSOLUTE
    _printf_charcount                        0x00000000   Number         0  stubs.o ABSOLUTE
    _printf_d                                0x00000000   Number         0  stubs.o ABSOLUTE
    _printf_e                                0x00000000   Number         0  stubs.o ABSOLUTE
    _printf_f                                0x00000000   Number         0  stubs.o ABSOLUTE
    _printf_flags                            0x00000000   Number         0  stubs.o ABSOLUTE
    _printf_fp_dec                           0x00000000   Number         0  stubs.o ABSOLUTE
    _printf_fp_hex                           0x00000000   Number         0  stubs.o ABSOLUTE
    _printf_g                                0x00000000   Number         0  stubs.o ABSOLUTE
    _printf_i                                0x00000000   Number         0  stubs.o ABSOLUTE
    _printf_int_dec                          0x00000000   Number         0  stubs.o ABSOLUTE
    _printf_l                                0x00000000   Number         0  stubs.o ABSOLUTE
    _printf_lc                               0x00000000   Number         0  stubs.o ABSOLUTE
    _printf_ll                               0x00000000   Number         0  stubs.o ABSOLUTE
    _printf_lld                              0x00000000   Number         0  stubs.o ABSOLUTE
    _printf_lli                              0x00000000   Number         0  stubs.o ABSOLUTE
    _printf_llo                              0x00000000   Number         0  stubs.o ABSOLUTE
    _printf_llu                              0x00000000   Number         0  stubs.o ABSOLUTE
    _printf_llx                              0x00000000   Number         0  stubs.o ABSOLUTE
    _printf_longlong_dec                     0x00000000   Number         0  stubs.o ABSOLUTE
    _printf_longlong_hex                     0x00000000   Number         0  stubs.o ABSOLUTE
    _printf_longlong_oct                     0x00000000   Number         0  stubs.o ABSOLUTE
    _printf_ls                               0x00000000   Number         0  stubs.o ABSOLUTE
    _printf_mbtowc                           0x00000000   Number         0  stubs.o ABSOLUTE
    _printf_n                                0x00000000   Number         0  stubs.o ABSOLUTE
    _printf_o                                0x00000000   Number         0  stubs.o ABSOLUTE
    _printf_p                                0x00000000   Number         0  stubs.o ABSOLUTE
    _printf_percent                          0x00000000   Number         0  stubs.o ABSOLUTE
    _printf_pre_padding                      0x00000000   Number         0  stubs.o ABSOLUTE
    _printf_return_value                     0x00000000   Number         0  stubs.o ABSOLUTE
    _printf_s                                0x00000000   Number         0  stubs.o ABSOLUTE
    _printf_sizespec                         0x00000000   Number         0  stubs.o ABSOLUTE
    _printf_str                              0x00000000   Number         0  stubs.o ABSOLUTE
    _printf_truncate_signed                  0x00000000   Number         0  stubs.o ABSOLUTE
    _printf_truncate_unsigned                0x00000000   Number         0  stubs.o ABSOLUTE
    _printf_u                                0x00000000   Number         0  stubs.o ABSOLUTE
    _printf_wc                               0x00000000   Number         0  stubs.o ABSOLUTE
    _printf_wctomb                           0x00000000   Number         0  stubs.o ABSOLUTE
    _printf_widthprec                        0x00000000   Number         0  stubs.o ABSOLUTE
    _printf_x                                0x00000000   Number         0  stubs.o ABSOLUTE
    __arm_fini_                               - Undefined Weak Reference
    __cpp_initialize__aeabi_                  - Undefined Weak Reference
    __cxa_finalize                            - Undefined Weak Reference
    __decompress                              - Undefined Weak Reference
    _clock_init                               - Undefined Weak Reference
    _microlib_exit                            - Undefined Weak Reference
    __Vectors_Size                           0x00000188   Number         0  startup_stm32f407xx.o ABSOLUTE
    __Vectors                                0x08000000   Data           4  startup_stm32f407xx.o(RESET)
    __Vectors_End                            0x08000188   Data           0  startup_stm32f407xx.o(RESET)
    __main                                   0x08000189   Thumb Code     0  entry.o(.ARM.Collect$$$$00000000)
    _main_stk                                0x08000189   Thumb Code     0  entry2.o(.ARM.Collect$$$$00000001)
    _main_scatterload                        0x0800018d   Thumb Code     0  entry5.o(.ARM.Collect$$$$00000004)
    __main_after_scatterload                 0x08000191   Thumb Code     0  entry5.o(.ARM.Collect$$$$00000004)
    _main_clock                              0x08000191   Thumb Code     0  entry7b.o(.ARM.Collect$$$$00000008)
    _main_cpp_init                           0x08000191   Thumb Code     0  entry8b.o(.ARM.Collect$$$$0000000A)
    _main_init                               0x08000191   Thumb Code     0  entry9a.o(.ARM.Collect$$$$0000000B)
    __rt_lib_shutdown_fini                   0x08000199   Thumb Code     0  entry12b.o(.ARM.Collect$$$$0000000E)
    __rt_final_cpp                           0x0800019d   Thumb Code     0  entry10a.o(.ARM.Collect$$$$0000000F)
    __rt_final_exit                          0x0800019d   Thumb Code     0  entry11a.o(.ARM.Collect$$$$00000011)
    SVC_Handler                              0x080001a1   Thumb Code    28  port.o(.emb_text)
    __asm___6_port_c_39a90d8d__prvStartFirstTask 0x080001c1   Thumb Code    36  port.o(.emb_text)
    __asm___6_port_c_39a90d8d__prvEnableVFP  0x080001e9   Thumb Code    16  port.o(.emb_text)
    PendSV_Handler                           0x080001fd   Thumb Code    88  port.o(.emb_text)
    vPortGetIPSR                             0x08000259   Thumb Code     6  port.o(.emb_text)
    Reset_Handler                            0x08000261   Thumb Code     8  startup_stm32f407xx.o(.text)
    ADC_IRQHandler                           0x0800027b   Thumb Code     0  startup_stm32f407xx.o(.text)
    CAN1_RX0_IRQHandler                      0x0800027b   Thumb Code     0  startup_stm32f407xx.o(.text)
    CAN1_RX1_IRQHandler                      0x0800027b   Thumb Code     0  startup_stm32f407xx.o(.text)
    CAN1_SCE_IRQHandler                      0x0800027b   Thumb Code     0  startup_stm32f407xx.o(.text)
    CAN1_TX_IRQHandler                       0x0800027b   Thumb Code     0  startup_stm32f407xx.o(.text)
    CAN2_RX0_IRQHandler                      0x0800027b   Thumb Code     0  startup_stm32f407xx.o(.text)
    CAN2_RX1_IRQHandler                      0x0800027b   Thumb Code     0  startup_stm32f407xx.o(.text)
    CAN2_SCE_IRQHandler                      0x0800027b   Thumb Code     0  startup_stm32f407xx.o(.text)
    CAN2_TX_IRQHandler                       0x0800027b   Thumb Code     0  startup_stm32f407xx.o(.text)
    DCMI_IRQHandler                          0x0800027b   Thumb Code     0  startup_stm32f407xx.o(.text)
    DMA1_Stream0_IRQHandler                  0x0800027b   Thumb Code     0  startup_stm32f407xx.o(.text)
    DMA1_Stream1_IRQHandler                  0x0800027b   Thumb Code     0  startup_stm32f407xx.o(.text)
    DMA1_Stream2_IRQHandler                  0x0800027b   Thumb Code     0  startup_stm32f407xx.o(.text)
    DMA1_Stream3_IRQHandler                  0x0800027b   Thumb Code     0  startup_stm32f407xx.o(.text)
    DMA1_Stream4_IRQHandler                  0x0800027b   Thumb Code     0  startup_stm32f407xx.o(.text)
    DMA1_Stream5_IRQHandler                  0x0800027b   Thumb Code     0  startup_stm32f407xx.o(.text)
    DMA1_Stream6_IRQHandler                  0x0800027b   Thumb Code     0  startup_stm32f407xx.o(.text)
    DMA1_Stream7_IRQHandler                  0x0800027b   Thumb Code     0  startup_stm32f407xx.o(.text)
    DMA2_Stream0_IRQHandler                  0x0800027b   Thumb Code     0  startup_stm32f407xx.o(.text)
    DMA2_Stream1_IRQHandler                  0x0800027b   Thumb Code     0  startup_stm32f407xx.o(.text)
    DMA2_Stream2_IRQHandler                  0x0800027b   Thumb Code     0  startup_stm32f407xx.o(.text)
    DMA2_Stream3_IRQHandler                  0x0800027b   Thumb Code     0  startup_stm32f407xx.o(.text)
    DMA2_Stream4_IRQHandler                  0x0800027b   Thumb Code     0  startup_stm32f407xx.o(.text)
    DMA2_Stream5_IRQHandler                  0x0800027b   Thumb Code     0  startup_stm32f407xx.o(.text)
    DMA2_Stream6_IRQHandler                  0x0800027b   Thumb Code     0  startup_stm32f407xx.o(.text)
    DMA2_Stream7_IRQHandler                  0x0800027b   Thumb Code     0  startup_stm32f407xx.o(.text)
    ETH_IRQHandler                           0x0800027b   Thumb Code     0  startup_stm32f407xx.o(.text)
    ETH_WKUP_IRQHandler                      0x0800027b   Thumb Code     0  startup_stm32f407xx.o(.text)
    EXTI0_IRQHandler                         0x0800027b   Thumb Code     0  startup_stm32f407xx.o(.text)
    EXTI15_10_IRQHandler                     0x0800027b   Thumb Code     0  startup_stm32f407xx.o(.text)
    EXTI1_IRQHandler                         0x0800027b   Thumb Code     0  startup_stm32f407xx.o(.text)
    EXTI2_IRQHandler                         0x0800027b   Thumb Code     0  startup_stm32f407xx.o(.text)
    EXTI3_IRQHandler                         0x0800027b   Thumb Code     0  startup_stm32f407xx.o(.text)
    EXTI4_IRQHandler                         0x0800027b   Thumb Code     0  startup_stm32f407xx.o(.text)
    EXTI9_5_IRQHandler                       0x0800027b   Thumb Code     0  startup_stm32f407xx.o(.text)
    FLASH_IRQHandler                         0x0800027b   Thumb Code     0  startup_stm32f407xx.o(.text)
    FMC_IRQHandler                           0x0800027b   Thumb Code     0  startup_stm32f407xx.o(.text)
    FPU_IRQHandler                           0x0800027b   Thumb Code     0  startup_stm32f407xx.o(.text)
    HASH_RNG_IRQHandler                      0x0800027b   Thumb Code     0  startup_stm32f407xx.o(.text)
    I2C1_ER_IRQHandler                       0x0800027b   Thumb Code     0  startup_stm32f407xx.o(.text)
    I2C1_EV_IRQHandler                       0x0800027b   Thumb Code     0  startup_stm32f407xx.o(.text)
    I2C2_ER_IRQHandler                       0x0800027b   Thumb Code     0  startup_stm32f407xx.o(.text)
    I2C2_EV_IRQHandler                       0x0800027b   Thumb Code     0  startup_stm32f407xx.o(.text)
    I2C3_ER_IRQHandler                       0x0800027b   Thumb Code     0  startup_stm32f407xx.o(.text)
    I2C3_EV_IRQHandler                       0x0800027b   Thumb Code     0  startup_stm32f407xx.o(.text)
    OTG_FS_IRQHandler                        0x0800027b   Thumb Code     0  startup_stm32f407xx.o(.text)
    OTG_FS_WKUP_IRQHandler                   0x0800027b   Thumb Code     0  startup_stm32f407xx.o(.text)
    OTG_HS_EP1_IN_IRQHandler                 0x0800027b   Thumb Code     0  startup_stm32f407xx.o(.text)
    OTG_HS_EP1_OUT_IRQHandler                0x0800027b   Thumb Code     0  startup_stm32f407xx.o(.text)
    OTG_HS_IRQHandler                        0x0800027b   Thumb Code     0  startup_stm32f407xx.o(.text)
    OTG_HS_WKUP_IRQHandler                   0x0800027b   Thumb Code     0  startup_stm32f407xx.o(.text)
    PVD_IRQHandler                           0x0800027b   Thumb Code     0  startup_stm32f407xx.o(.text)
    RCC_IRQHandler                           0x0800027b   Thumb Code     0  startup_stm32f407xx.o(.text)
    RTC_Alarm_IRQHandler                     0x0800027b   Thumb Code     0  startup_stm32f407xx.o(.text)
    RTC_WKUP_IRQHandler                      0x0800027b   Thumb Code     0  startup_stm32f407xx.o(.text)
    SDIO_IRQHandler                          0x0800027b   Thumb Code     0  startup_stm32f407xx.o(.text)
    SPI1_IRQHandler                          0x0800027b   Thumb Code     0  startup_stm32f407xx.o(.text)
    SPI2_IRQHandler                          0x0800027b   Thumb Code     0  startup_stm32f407xx.o(.text)
    SPI3_IRQHandler                          0x0800027b   Thumb Code     0  startup_stm32f407xx.o(.text)
    TAMP_STAMP_IRQHandler                    0x0800027b   Thumb Code     0  startup_stm32f407xx.o(.text)
    TIM1_BRK_TIM9_IRQHandler                 0x0800027b   Thumb Code     0  startup_stm32f407xx.o(.text)
    TIM1_CC_IRQHandler                       0x0800027b   Thumb Code     0  startup_stm32f407xx.o(.text)
    TIM1_TRG_COM_TIM11_IRQHandler            0x0800027b   Thumb Code     0  startup_stm32f407xx.o(.text)
    TIM1_UP_TIM10_IRQHandler                 0x0800027b   Thumb Code     0  startup_stm32f407xx.o(.text)
    TIM3_IRQHandler                          0x0800027b   Thumb Code     0  startup_stm32f407xx.o(.text)
    TIM4_IRQHandler                          0x0800027b   Thumb Code     0  startup_stm32f407xx.o(.text)
    TIM5_IRQHandler                          0x0800027b   Thumb Code     0  startup_stm32f407xx.o(.text)
    TIM6_DAC_IRQHandler                      0x0800027b   Thumb Code     0  startup_stm32f407xx.o(.text)
    TIM7_IRQHandler                          0x0800027b   Thumb Code     0  startup_stm32f407xx.o(.text)
    TIM8_BRK_TIM12_IRQHandler                0x0800027b   Thumb Code     0  startup_stm32f407xx.o(.text)
    TIM8_CC_IRQHandler                       0x0800027b   Thumb Code     0  startup_stm32f407xx.o(.text)
    TIM8_TRG_COM_TIM14_IRQHandler            0x0800027b   Thumb Code     0  startup_stm32f407xx.o(.text)
    TIM8_UP_TIM13_IRQHandler                 0x0800027b   Thumb Code     0  startup_stm32f407xx.o(.text)
    UART4_IRQHandler                         0x0800027b   Thumb Code     0  startup_stm32f407xx.o(.text)
    UART5_IRQHandler                         0x0800027b   Thumb Code     0  startup_stm32f407xx.o(.text)
    USART2_IRQHandler                        0x0800027b   Thumb Code     0  startup_stm32f407xx.o(.text)
    USART3_IRQHandler                        0x0800027b   Thumb Code     0  startup_stm32f407xx.o(.text)
    USART6_IRQHandler                        0x0800027b   Thumb Code     0  startup_stm32f407xx.o(.text)
    WWDG_IRQHandler                          0x0800027b   Thumb Code     0  startup_stm32f407xx.o(.text)
    __aeabi_uldivmod                         0x08000285   Thumb Code    98  uldiv.o(.text)
    __aeabi_ldivmod                          0x080002e7   Thumb Code    98  ldiv.o(.text)
    __aeabi_memcpy                           0x08000349   Thumb Code    36  memcpya.o(.text)
    __aeabi_memcpy4                          0x08000349   Thumb Code     0  memcpya.o(.text)
    __aeabi_memcpy8                          0x08000349   Thumb Code     0  memcpya.o(.text)
    __aeabi_memset                           0x0800036d   Thumb Code    14  memseta.o(.text)
    __aeabi_memset4                          0x0800036d   Thumb Code     0  memseta.o(.text)
    __aeabi_memset8                          0x0800036d   Thumb Code     0  memseta.o(.text)
    __aeabi_memclr                           0x0800037b   Thumb Code     4  memseta.o(.text)
    __aeabi_memclr4                          0x0800037b   Thumb Code     0  memseta.o(.text)
    __aeabi_memclr8                          0x0800037b   Thumb Code     0  memseta.o(.text)
    memset                                   0x0800037f   Thumb Code    18  memseta.o(.text)
    strlen                                   0x08000391   Thumb Code    14  strlen.o(.text)
    memcmp                                   0x0800039f   Thumb Code    26  memcmp.o(.text)
    __aeabi_dmul                             0x080003b9   Thumb Code   228  dmul.o(.text)
    __aeabi_i2d                              0x0800049d   Thumb Code    34  dflti.o(.text)
    __aeabi_f2d                              0x080004bf   Thumb Code    38  f2d.o(.text)
    __aeabi_d2f                              0x080004e5   Thumb Code    56  d2f.o(.text)
    __aeabi_uidiv                            0x0800051d   Thumb Code     0  uidiv.o(.text)
    __aeabi_uidivmod                         0x0800051d   Thumb Code    44  uidiv.o(.text)
    __aeabi_llsl                             0x08000549   Thumb Code    30  llshl.o(.text)
    _ll_shift_l                              0x08000549   Thumb Code     0  llshl.o(.text)
    __aeabi_llsr                             0x08000567   Thumb Code    32  llushr.o(.text)
    _ll_ushift_r                             0x08000567   Thumb Code     0  llushr.o(.text)
    __I$use$fp                               0x08000587   Thumb Code     0  iusefp.o(.text)
    _float_round                             0x08000587   Thumb Code    18  fepilogue.o(.text)
    _float_epilogue                          0x08000599   Thumb Code    92  fepilogue.o(.text)
    _double_round                            0x080005f5   Thumb Code    30  depilogue.o(.text)
    _double_epilogue                         0x08000613   Thumb Code   156  depilogue.o(.text)
    __aeabi_dadd                             0x080006af   Thumb Code   322  dadd.o(.text)
    __aeabi_dsub                             0x080007f1   Thumb Code     6  dadd.o(.text)
    __aeabi_drsub                            0x080007f7   Thumb Code     6  dadd.o(.text)
    __aeabi_ddiv                             0x080007fd   Thumb Code   222  ddiv.o(.text)
    __aeabi_d2ulz                            0x080008db   Thumb Code    48  dfixul.o(.text)
    __aeabi_cdrcmple                         0x0800090d   Thumb Code    48  cdrcmple.o(.text)
    __scatterload                            0x0800093d   Thumb Code    28  init.o(.text)
    __scatterload_rt2                        0x0800093d   Thumb Code     0  init.o(.text)
    __aeabi_lasr                             0x08000961   Thumb Code    36  llsshr.o(.text)
    _ll_sshift_r                             0x08000961   Thumb Code     0  llsshr.o(.text)
    BusFault_Handler                         0x08000985   Thumb Code     2  stm32f4xx_it.o(i.BusFault_Handler)
    DEV_Module_Init                          0x08000989   Thumb Code    46  dev_config_1.o(i.DEV_Module_Init)
    DEV_SPI_WRite                            0x080009c5   Thumb Code    18  dev_config_1.o(i.DEV_SPI_WRite)
    DataGet                                  0x080009dd   Thumb Code    18  freertos.o(i.DataGet)
    DataTrans                                0x080009ef   Thumb Code    18  freertos.o(i.DataTrans)
    DebugMon_Handler                         0x08000a01   Thumb Code     2  stm32f4xx_it.o(i.DebugMon_Handler)
    Delay_ms                                 0x08000a03   Thumb Code    22  delay.o(i.Delay_ms)
    Delay_us                                 0x08000a19   Thumb Code    28  delay.o(i.Delay_us)
    Error_Handler                            0x08000a35   Thumb Code     4  main.o(i.Error_Handler)
    HAL_DMA_Abort                            0x08000a39   Thumb Code   146  stm32f4xx_hal_dma.o(i.HAL_DMA_Abort)
    HAL_DMA_Abort_IT                         0x08000acb   Thumb Code    36  stm32f4xx_hal_dma.o(i.HAL_DMA_Abort_IT)
    HAL_Delay                                0x08000af1   Thumb Code    32  stm32f4xx_hal.o(i.HAL_Delay)
    HAL_GPIO_Init                            0x08000b15   Thumb Code   450  stm32f4xx_hal_gpio.o(i.HAL_GPIO_Init)
    HAL_GPIO_ReadPin                         0x08000d05   Thumb Code    10  stm32f4xx_hal_gpio.o(i.HAL_GPIO_ReadPin)
    HAL_GPIO_TogglePin                       0x08000d0f   Thumb Code    16  stm32f4xx_hal_gpio.o(i.HAL_GPIO_TogglePin)
    HAL_GPIO_WritePin                        0x08000d1f   Thumb Code    10  stm32f4xx_hal_gpio.o(i.HAL_GPIO_WritePin)
    HAL_GetTick                              0x08000d29   Thumb Code     6  stm32f4xx_hal.o(i.HAL_GetTick)
    HAL_IncTick                              0x08000d35   Thumb Code    12  stm32f4xx_hal.o(i.HAL_IncTick)
    HAL_Init                                 0x08000d45   Thumb Code    48  stm32f4xx_hal.o(i.HAL_Init)
    HAL_InitTick                             0x08000d79   Thumb Code   134  stm32f4xx_hal_timebase_tim.o(i.HAL_InitTick)
    HAL_MspInit                              0x08000e11   Thumb Code    52  stm32f4xx_hal_msp.o(i.HAL_MspInit)
    HAL_NVIC_EnableIRQ                       0x08000e49   Thumb Code    26  stm32f4xx_hal_cortex.o(i.HAL_NVIC_EnableIRQ)
    HAL_NVIC_SetPriority                     0x08000e65   Thumb Code    60  stm32f4xx_hal_cortex.o(i.HAL_NVIC_SetPriority)
    HAL_NVIC_SetPriorityGrouping             0x08000ea5   Thumb Code    26  stm32f4xx_hal_cortex.o(i.HAL_NVIC_SetPriorityGrouping)
    HAL_RCC_ClockConfig                      0x08000ec9   Thumb Code   288  stm32f4xx_hal_rcc.o(i.HAL_RCC_ClockConfig)
    HAL_RCC_GetClockConfig                   0x08000ffd   Thumb Code    54  stm32f4xx_hal_rcc.o(i.HAL_RCC_GetClockConfig)
    HAL_RCC_GetPCLK1Freq                     0x0800103d   Thumb Code    20  stm32f4xx_hal_rcc.o(i.HAL_RCC_GetPCLK1Freq)
    HAL_RCC_GetPCLK2Freq                     0x0800105d   Thumb Code    20  stm32f4xx_hal_rcc.o(i.HAL_RCC_GetPCLK2Freq)
    HAL_RCC_GetSysClockFreq                  0x0800107d   Thumb Code    88  stm32f4xx_hal_rcc.o(i.HAL_RCC_GetSysClockFreq)
    HAL_RCC_OscConfig                        0x080010dd   Thumb Code   856  stm32f4xx_hal_rcc.o(i.HAL_RCC_OscConfig)
    HAL_SPI_Init                             0x08001449   Thumb Code   188  stm32f4xx_hal_spi.o(i.HAL_SPI_Init)
    HAL_SPI_MspInit                          0x08001505   Thumb Code    92  spi.o(i.HAL_SPI_MspInit)
    HAL_SPI_Transmit                         0x0800156d   Thumb Code   358  stm32f4xx_hal_spi.o(i.HAL_SPI_Transmit)
    HAL_TIMEx_BreakCallback                  0x080016d3   Thumb Code     2  stm32f4xx_hal_tim_ex.o(i.HAL_TIMEx_BreakCallback)
    HAL_TIMEx_CommutCallback                 0x080016d5   Thumb Code     2  stm32f4xx_hal_tim_ex.o(i.HAL_TIMEx_CommutCallback)
    HAL_TIMEx_MasterConfigSynchronization    0x080016d9   Thumb Code   116  stm32f4xx_hal_tim_ex.o(i.HAL_TIMEx_MasterConfigSynchronization)
    HAL_TIM_Base_Init                        0x08001769   Thumb Code    90  stm32f4xx_hal_tim.o(i.HAL_TIM_Base_Init)
    HAL_TIM_Base_MspInit                     0x080017c3   Thumb Code     2  stm32f4xx_hal_tim.o(i.HAL_TIM_Base_MspInit)
    HAL_TIM_Base_Start_IT                    0x080017c5   Thumb Code   100  stm32f4xx_hal_tim.o(i.HAL_TIM_Base_Start_IT)
    HAL_TIM_IC_CaptureCallback               0x08001845   Thumb Code     2  stm32f4xx_hal_tim.o(i.HAL_TIM_IC_CaptureCallback)
    HAL_TIM_IRQHandler                       0x08001847   Thumb Code   304  stm32f4xx_hal_tim.o(i.HAL_TIM_IRQHandler)
    HAL_TIM_MspPostInit                      0x08001979   Thumb Code    68  tim.o(i.HAL_TIM_MspPostInit)
    HAL_TIM_OC_DelayElapsedCallback          0x080019c9   Thumb Code     2  stm32f4xx_hal_tim.o(i.HAL_TIM_OC_DelayElapsedCallback)
    HAL_TIM_PWM_ConfigChannel                0x080019cb   Thumb Code   204  stm32f4xx_hal_tim.o(i.HAL_TIM_PWM_ConfigChannel)
    HAL_TIM_PWM_Init                         0x08001a97   Thumb Code    90  stm32f4xx_hal_tim.o(i.HAL_TIM_PWM_Init)
    HAL_TIM_PWM_MspInit                      0x08001af1   Thumb Code    30  tim.o(i.HAL_TIM_PWM_MspInit)
    HAL_TIM_PWM_PulseFinishedCallback        0x08001b19   Thumb Code     2  stm32f4xx_hal_tim.o(i.HAL_TIM_PWM_PulseFinishedCallback)
    HAL_TIM_PWM_Start                        0x08001b1d   Thumb Code   172  stm32f4xx_hal_tim.o(i.HAL_TIM_PWM_Start)
    HAL_TIM_PeriodElapsedCallback            0x08001be5   Thumb Code    14  main.o(i.HAL_TIM_PeriodElapsedCallback)
    HAL_TIM_TriggerCallback                  0x08001bf3   Thumb Code     2  stm32f4xx_hal_tim.o(i.HAL_TIM_TriggerCallback)
    HAL_UARTEx_RxEventCallback               0x08001bf5   Thumb Code     2  stm32f4xx_hal_uart.o(i.HAL_UARTEx_RxEventCallback)
    HAL_UART_ErrorCallback                   0x08001bf7   Thumb Code     2  stm32f4xx_hal_uart.o(i.HAL_UART_ErrorCallback)
    HAL_UART_IRQHandler                      0x08001bf9   Thumb Code   636  stm32f4xx_hal_uart.o(i.HAL_UART_IRQHandler)
    HAL_UART_Init                            0x08001e79   Thumb Code   100  stm32f4xx_hal_uart.o(i.HAL_UART_Init)
    HAL_UART_MspInit                         0x08001edd   Thumb Code   110  usart.o(i.HAL_UART_MspInit)
    HAL_UART_RxCpltCallback                  0x08001f59   Thumb Code     2  stm32f4xx_hal_uart.o(i.HAL_UART_RxCpltCallback)
    HAL_UART_Transmit                        0x08001f5b   Thumb Code   160  stm32f4xx_hal_uart.o(i.HAL_UART_Transmit)
    HAL_UART_TxCpltCallback                  0x08001ffb   Thumb Code     2  stm32f4xx_hal_uart.o(i.HAL_UART_TxCpltCallback)
    HardFault_Handler                        0x08001ffd   Thumb Code     2  stm32f4xx_it.o(i.HardFault_Handler)
    IIC_Init                                 0x08002001   Thumb Code    82  iic.o(i.IIC_Init)
    IIC_Receive_Byte                         0x0800208b   Thumb Code    52  iic.o(i.IIC_Receive_Byte)
    IIC_Send_Byte                            0x080020d5   Thumb Code    38  iic.o(i.IIC_Send_Byte)
    IIC_read                                 0x08002179   Thumb Code   106  iic.o(i.IIC_read)
    IIC_write                                0x080021e3   Thumb Code    68  iic.o(i.IIC_write)
    IMU_Get_Data                             0x08002229   Thumb Code   298  imu.o(i.IMU_Get_Data)
    LCD_1IN83_Clear                          0x08002365   Thumb Code    74  lcd_1in83.o(i.LCD_1IN83_Clear)
    LCD_1IN83_DrawPoint                      0x080023b9   Thumb Code    60  lcd_1in83.o(i.LCD_1IN83_DrawPoint)
    LCD_1IN83_Init                           0x080023fd   Thumb Code   100  lcd_1in83.o(i.LCD_1IN83_Init)
    LCD_1IN83_SetBackLight                   0x080027ad   Thumb Code     6  lcd_1in83.o(i.LCD_1IN83_SetBackLight)
    LCD_1IN83_SetWindows                     0x080027b9   Thumb Code   162  lcd_1in83.o(i.LCD_1IN83_SetWindows)
    LCD_1IN83_SetWindows_Point               0x08002861   Thumb Code   158  lcd_1in83.o(i.LCD_1IN83_SetWindows_Point)
    MPU6050_Init                             0x08002905   Thumb Code   178  mpu6050.o(i.MPU6050_Init)
    MX_FREERTOS_Init                         0x080029d9   Thumb Code   102  freertos.o(i.MX_FREERTOS_Init)
    MX_GPIO_Init                             0x08002a5d   Thumb Code   180  gpio.o(i.MX_GPIO_Init)
    MX_SPI1_Init                             0x08002b1d   Thumb Code    60  spi.o(i.MX_SPI1_Init)
    MX_TIM3_Init                             0x08002b61   Thumb Code   106  tim.o(i.MX_TIM3_Init)
    MX_USART1_UART_Init                      0x08002bd5   Thumb Code    48  usart.o(i.MX_USART1_UART_Init)
    MemManage_Handler                        0x08002c0d   Thumb Code     2  stm32f4xx_it.o(i.MemManage_Handler)
    Model                                    0x08002c0f   Thumb Code    18  freertos.o(i.Model)
    Mpu6050                                  0x08002c21   Thumb Code    34  mpu6050get.o(i.Mpu6050)
    NMI_Handler                              0x08002c49   Thumb Code     2  stm32f4xx_it.o(i.NMI_Handler)
    Paint_Clear                              0x08002c4d   Thumb Code     6  gui_paint.o(i.Paint_Clear)
    Paint_DrawChar                           0x08002c59   Thumb Code   188  gui_paint.o(i.Paint_DrawChar)
    Paint_DrawFloatNum                       0x08002d59   Thumb Code   128  gui_paint.o(i.Paint_DrawFloatNum)
    Paint_DrawImage                          0x08002de1   Thumb Code    90  gui_paint.o(i.Paint_DrawImage)
    Paint_DrawString_CN                      0x08002e41   Thumb Code   404  gui_paint.o(i.Paint_DrawString_CN)
    Paint_DrawString_EN                      0x08002fd9   Thumb Code   116  gui_paint.o(i.Paint_DrawString_EN)
    Paint_NewImage                           0x08003055   Thumb Code    58  gui_paint.o(i.Paint_NewImage)
    Paint_SetClearFuntion                    0x080030b9   Thumb Code     6  gui_paint.o(i.Paint_SetClearFuntion)
    Paint_SetDisplayFuntion                  0x080030c5   Thumb Code     6  gui_paint.o(i.Paint_SetDisplayFuntion)
    Paint_SetPixel                           0x080030d1   Thumb Code   152  gui_paint.o(i.Paint_SetPixel)
    Show                                     0x080032c1   Thumb Code   298  show.o(i.Show)
    SysTick_Handler                          0x080034a9   Thumb Code    26  cmsis_os2.o(i.SysTick_Handler)
    SystemClock_Config                       0x080034c5   Thumb Code   138  main.o(i.SystemClock_Config)
    SystemInit                               0x08003559   Thumb Code    12  system_stm32f4xx.o(i.SystemInit)
    TIM2_IRQHandler                          0x08003569   Thumb Code     6  stm32f4xx_it.o(i.TIM2_IRQHandler)
    TIM_Base_SetConfig                       0x08003575   Thumb Code   164  stm32f4xx_hal_tim.o(i.TIM_Base_SetConfig)
    TIM_CCxChannelCmd                        0x08003645   Thumb Code    26  stm32f4xx_hal_tim.o(i.TIM_CCxChannelCmd)
    TIM_OC2_SetConfig                        0x080036c1   Thumb Code    98  stm32f4xx_hal_tim.o(i.TIM_OC2_SetConfig)
    USART1_IRQHandler                        0x08003a85   Thumb Code     6  stm32f4xx_it.o(i.USART1_IRQHandler)
    UsageFault_Handler                       0x08003a91   Thumb Code     2  stm32f4xx_it.o(i.UsageFault_Handler)
    __0printf                                0x08003a95   Thumb Code    22  printfa.o(i.__0printf)
    __1printf                                0x08003a95   Thumb Code     0  printfa.o(i.__0printf)
    __2printf                                0x08003a95   Thumb Code     0  printfa.o(i.__0printf)
    __c89printf                              0x08003a95   Thumb Code     0  printfa.o(i.__0printf)
    printf                                   0x08003a95   Thumb Code     0  printfa.o(i.__0printf)
    __0sprintf                               0x08003ab5   Thumb Code    34  printfa.o(i.__0sprintf)
    __1sprintf                               0x08003ab5   Thumb Code     0  printfa.o(i.__0sprintf)
    __2sprintf                               0x08003ab5   Thumb Code     0  printfa.o(i.__0sprintf)
    __c89sprintf                             0x08003ab5   Thumb Code     0  printfa.o(i.__0sprintf)
    sprintf                                  0x08003ab5   Thumb Code     0  printfa.o(i.__0sprintf)
    __scatterload_copy                       0x08003afd   Thumb Code    14  handlers.o(i.__scatterload_copy)
    __scatterload_null                       0x08003b0b   Thumb Code     2  handlers.o(i.__scatterload_null)
    __scatterload_zeroinit                   0x08003b0d   Thumb Code    14  handlers.o(i.__scatterload_zeroinit)
    dmp_enable_6x_lp_quat                    0x08004441   Thumb Code    58  inv_mpu_dmp_motion_driver.o(i.dmp_enable_6x_lp_quat)
    dmp_enable_feature                       0x0800447d   Thumb Code   464  inv_mpu_dmp_motion_driver.o(i.dmp_enable_feature)
    dmp_enable_gyro_cal                      0x08004655   Thumb Code    34  inv_mpu_dmp_motion_driver.o(i.dmp_enable_gyro_cal)
    dmp_enable_lp_quat                       0x08004691   Thumb Code    58  inv_mpu_dmp_motion_driver.o(i.dmp_enable_lp_quat)
    dmp_load_motion_driver_firmware          0x080046cd   Thumb Code    16  inv_mpu_dmp_motion_driver.o(i.dmp_load_motion_driver_firmware)
    dmp_set_accel_bias                       0x080046e1   Thumb Code   210  inv_mpu_dmp_motion_driver.o(i.dmp_set_accel_bias)
    dmp_set_fifo_rate                        0x080047b9   Thumb Code    82  inv_mpu_dmp_motion_driver.o(i.dmp_set_fifo_rate)
    dmp_set_gyro_bias                        0x0800481d   Thumb Code   196  inv_mpu_dmp_motion_driver.o(i.dmp_set_gyro_bias)
    dmp_set_orientation                      0x080048e9   Thumb Code   246  inv_mpu_dmp_motion_driver.o(i.dmp_set_orientation)
    dmp_set_shake_reject_thresh              0x080049f5   Thumb Code    48  inv_mpu_dmp_motion_driver.o(i.dmp_set_shake_reject_thresh)
    dmp_set_shake_reject_time                0x08004a25   Thumb Code    32  inv_mpu_dmp_motion_driver.o(i.dmp_set_shake_reject_time)
    dmp_set_shake_reject_timeout             0x08004a45   Thumb Code    32  inv_mpu_dmp_motion_driver.o(i.dmp_set_shake_reject_timeout)
    dmp_set_tap_axes                         0x08004a65   Thumb Code    64  inv_mpu_dmp_motion_driver.o(i.dmp_set_tap_axes)
    dmp_set_tap_count                        0x08004aa5   Thumb Code    34  inv_mpu_dmp_motion_driver.o(i.dmp_set_tap_count)
    dmp_set_tap_thresh                       0x08004ac9   Thumb Code   314  inv_mpu_dmp_motion_driver.o(i.dmp_set_tap_thresh)
    dmp_set_tap_time                         0x08004c29   Thumb Code    32  inv_mpu_dmp_motion_driver.o(i.dmp_set_tap_time)
    dmp_set_tap_time_multi                   0x08004c49   Thumb Code    32  inv_mpu_dmp_motion_driver.o(i.dmp_set_tap_time_multi)
    fputc                                    0x08004c69   Thumb Code    20  main.o(i.fputc)
    free                                     0x08004c81   Thumb Code    76  malloc.o(i.free)
    main                                     0x080051b5   Thumb Code    48  main.o(i.main)
    malloc                                   0x08005205   Thumb Code    92  malloc.o(i.malloc)
    mpu_configure_fifo                       0x08005271   Thumb Code    78  inv_mpu.o(i.mpu_configure_fifo)
    mpu_get_accel_fsr                        0x080052c5   Thumb Code    54  inv_mpu.o(i.mpu_get_accel_fsr)
    mpu_get_accel_sens                       0x08005301   Thumb Code    62  inv_mpu.o(i.mpu_get_accel_sens)
    mpu_get_gyro_fsr                         0x08005345   Thumb Code    48  inv_mpu.o(i.mpu_get_gyro_fsr)
    mpu_get_gyro_sens                        0x08005379   Thumb Code    54  inv_mpu.o(i.mpu_get_gyro_sens)
    mpu_get_lpf                              0x080053c5   Thumb Code    52  inv_mpu.o(i.mpu_get_lpf)
    mpu_get_sample_rate                      0x080053fd   Thumb Code    22  inv_mpu.o(i.mpu_get_sample_rate)
    mpu_init                                 0x08005419   Thumb Code   180  inv_mpu.o(i.mpu_init)
    mpu_load_firmware                        0x080054d1   Thumb Code   154  inv_mpu.o(i.mpu_load_firmware)
    mpu_lp_accel_mode                        0x08005571   Thumb Code   178  inv_mpu.o(i.mpu_lp_accel_mode)
    mpu_read_mem                             0x08005629   Thumb Code    80  inv_mpu.o(i.mpu_read_mem)
    mpu_reset_fifo                           0x0800567d   Thumb Code   346  inv_mpu.o(i.mpu_reset_fifo)
    mpu_run_self_test                        0x080057dd   Thumb Code   236  inv_mpu.o(i.mpu_run_self_test)
    mpu_set_accel_fsr                        0x080058cd   Thumb Code    98  inv_mpu.o(i.mpu_set_accel_fsr)
    mpu_set_bypass                           0x08005935   Thumb Code   214  inv_mpu.o(i.mpu_set_bypass)
    mpu_set_dmp_state                        0x08005a11   Thumb Code   114  inv_mpu.o(i.mpu_set_dmp_state)
    mpu_set_gyro_fsr                         0x08005a89   Thumb Code   104  inv_mpu.o(i.mpu_set_gyro_fsr)
    mpu_set_int_latched                      0x08005af5   Thumb Code    94  inv_mpu.o(i.mpu_set_int_latched)
    mpu_set_lpf                              0x08005b59   Thumb Code   102  inv_mpu.o(i.mpu_set_lpf)
    mpu_set_sample_rate                      0x08005bc5   Thumb Code   124  inv_mpu.o(i.mpu_set_sample_rate)
    mpu_set_sensors                          0x08005c45   Thumb Code   178  inv_mpu.o(i.mpu_set_sensors)
    mpu_write_mem                            0x08005cfd   Thumb Code    80  inv_mpu.o(i.mpu_write_mem)
    osKernelInitialize                       0x08005d51   Thumb Code    32  cmsis_os2.o(i.osKernelInitialize)
    osKernelStart                            0x08005d75   Thumb Code    48  cmsis_os2.o(i.osKernelStart)
    osMessageQueueNew                        0x08005dad   Thumb Code    88  cmsis_os2.o(i.osMessageQueueNew)
    osThreadNew                              0x08005e05   Thumb Code   138  cmsis_os2.o(i.osThreadNew)
    pvPortMalloc                             0x08006625   Thumb Code   216  heap_4.o(i.pvPortMalloc)
    pxPortInitialiseStack                    0x08006701   Thumb Code    40  port.o(i.pxPortInitialiseStack)
    uxListRemove                             0x08006809   Thumb Code    38  list.o(i.uxListRemove)
    vApplicationGetIdleTaskMemory            0x08006831   Thumb Code    16  cmsis_os2.o(i.vApplicationGetIdleTaskMemory)
    vApplicationGetTimerTaskMemory           0x08006845   Thumb Code    18  cmsis_os2.o(i.vApplicationGetTimerTaskMemory)
    vListInitialise                          0x0800685d   Thumb Code    22  list.o(i.vListInitialise)
    vListInitialiseItem                      0x08006873   Thumb Code     6  list.o(i.vListInitialiseItem)
    vListInsert                              0x08006879   Thumb Code    48  list.o(i.vListInsert)
    vListInsertEnd                           0x080068a9   Thumb Code    24  list.o(i.vListInsertEnd)
    vPortEnterCritical                       0x080068c1   Thumb Code    54  port.o(i.vPortEnterCritical)
    vPortExitCritical                        0x08006901   Thumb Code    34  port.o(i.vPortExitCritical)
    vPortFree                                0x08006929   Thumb Code    94  heap_4.o(i.vPortFree)
    vPortSetupTimerInterrupt                 0x0800698d   Thumb Code    32  port.o(i.vPortSetupTimerInterrupt)
    vPortValidateInterruptPriority           0x080069b1   Thumb Code    74  port.o(i.vPortValidateInterruptPriority)
    vQueueAddToRegistry                      0x08006a05   Thumb Code    34  queue.o(i.vQueueAddToRegistry)
    vQueueWaitForMessageRestricted           0x08006a2d   Thumb Code    68  queue.o(i.vQueueWaitForMessageRestricted)
    vTaskDelayUntil                          0x08006a71   Thumb Code   132  tasks.o(i.vTaskDelayUntil)
    vTaskInternalSetTimeOutState             0x08006afd   Thumb Code    12  tasks.o(i.vTaskInternalSetTimeOutState)
    vTaskMissedYield                         0x08006b0d   Thumb Code     8  tasks.o(i.vTaskMissedYield)
    vTaskPlaceOnEventList                    0x08006b19   Thumb Code    44  tasks.o(i.vTaskPlaceOnEventList)
    vTaskPlaceOnEventListRestricted          0x08006b49   Thumb Code    52  tasks.o(i.vTaskPlaceOnEventListRestricted)
    vTaskStartScheduler                      0x08006b81   Thumb Code   118  tasks.o(i.vTaskStartScheduler)
    vTaskSuspendAll                          0x08006c09   Thumb Code    10  tasks.o(i.vTaskSuspendAll)
    vTaskSwitchContext                       0x08006c19   Thumb Code    90  tasks.o(i.vTaskSwitchContext)
    xPortStartScheduler                      0x08006c7d   Thumb Code   222  port.o(i.xPortStartScheduler)
    xPortSysTickHandler                      0x08006d71   Thumb Code    38  port.o(i.xPortSysTickHandler)
    xQueueGenericCreate                      0x08006d9d   Thumb Code    66  queue.o(i.xQueueGenericCreate)
    xQueueGenericCreateStatic                0x08006ddf   Thumb Code   102  queue.o(i.xQueueGenericCreateStatic)
    xQueueGenericReset                       0x08006e45   Thumb Code   132  queue.o(i.xQueueGenericReset)
    xQueueGenericSend                        0x08006ecd   Thumb Code   346  queue.o(i.xQueueGenericSend)
    xQueueGenericSendFromISR                 0x0800702d   Thumb Code   190  queue.o(i.xQueueGenericSendFromISR)
    xQueueReceive                            0x080070ed   Thumb Code   308  queue.o(i.xQueueReceive)
    xTaskCheckForTimeOut                     0x08007225   Thumb Code   112  tasks.o(i.xTaskCheckForTimeOut)
    xTaskCreate                              0x08007299   Thumb Code    90  tasks.o(i.xTaskCreate)
    xTaskCreateStatic                        0x080072f3   Thumb Code    86  tasks.o(i.xTaskCreateStatic)
    xTaskGetSchedulerState                   0x08007349   Thumb Code    22  tasks.o(i.xTaskGetSchedulerState)
    xTaskGetTickCount                        0x08007365   Thumb Code     6  tasks.o(i.xTaskGetTickCount)
    xTaskIncrementTick                       0x08007371   Thumb Code   192  tasks.o(i.xTaskIncrementTick)
    xTaskPriorityDisinherit                  0x08007439   Thumb Code   118  tasks.o(i.xTaskPriorityDisinherit)
    xTaskRemoveFromEventList                 0x080074b9   Thumb Code    98  tasks.o(i.xTaskRemoveFromEventList)
    xTaskResumeAll                           0x08007529   Thumb Code   182  tasks.o(i.xTaskResumeAll)
    xTimerCreateTimerTask                    0x080075ed   Thumb Code    78  timers.o(i.xTimerCreateTimerTask)
    xTimerGenericCommand                     0x0800764d   Thumb Code    98  timers.o(i.xTimerGenericCommand)
    Mpu6050Task_attributes                   0x080076b4   Data          36  freertos.o(.constdata)
    ShowTask_attributes                      0x080076d8   Data          36  freertos.o(.constdata)
    DataTransTask_attributes                 0x080076fc   Data          36  freertos.o(.constdata)
    DataGetTask_attributes                   0x08007720   Data          36  freertos.o(.constdata)
    ModelTask_attributes                     0x08007744   Data          36  freertos.o(.constdata)
    Mpu6050Queue_attributes                  0x08007768   Data          24  freertos.o(.constdata)
    ModelgetQueue_attributes                 0x08007780   Data          24  freertos.o(.constdata)
    AHBPrescTable                            0x08007798   Data          16  system_stm32f4xx.o(.constdata)
    APBPrescTable                            0x080077a8   Data           8  system_stm32f4xx.o(.constdata)
    reg                                      0x080077b0   Data          30  inv_mpu.o(.constdata)
    hw                                       0x080077ce   Data          12  inv_mpu.o(.constdata)
    test                                     0x080077dc   Data          40  inv_mpu.o(.constdata)
    Font12_Table                             0x080083fa   Data        1140  font12.o(.constdata)
    Font24_Table                             0x0800886e   Data        6840  font24.o(.constdata)
    Font24CN_Table                           0x0800a326   Data        4482  font24cn.o(.constdata)
    gImage_1                                 0x0800b4a8   Data        7200  image.o(.constdata)
    Region$$Table$$Base                      0x0800d170   Number         0  anon$$obj.o(Region$$Table)
    Region$$Table$$Limit                     0x0800d190   Number         0  anon$$obj.o(Region$$Table)
    Mpu6050TaskHandle                        0x20000000   Data           4  freertos.o(.data)
    ShowTaskHandle                           0x20000004   Data           4  freertos.o(.data)
    DataTransTaskHandle                      0x20000008   Data           4  freertos.o(.data)
    DataGetTaskHandle                        0x2000000c   Data           4  freertos.o(.data)
    ModelTaskHandle                          0x20000010   Data           4  freertos.o(.data)
    Mpu6050QueueHandle                       0x20000014   Data           4  freertos.o(.data)
    ModelgetQueueHandle                      0x20000018   Data           4  freertos.o(.data)
    Mpu6050QueueBuffer                       0x2000001c   Data           6  freertos.o(.data)
    uwTickFreq                               0x20000024   Data           1  stm32f4xx_hal.o(.data)
    uwTickPrio                               0x20000028   Data           4  stm32f4xx_hal.o(.data)
    uwTick                                   0x2000002c   Data           4  stm32f4xx_hal.o(.data)
    SystemCoreClock                          0x20000030   Data           4  system_stm32f4xx.o(.data)
    pxCurrentTCB                             0x20000034   Data           4  tasks.o(.data)
    Font12                                   0x200000ec   Data           8  font12.o(.data)
    Font24                                   0x200000f4   Data           8  font24.o(.data)
    Font24CN                                 0x200000fc   Data          12  font24cn.o(.data)
    DISPLAY                                  0x20000108   Data           4  gui_paint.o(.data)
    CLEAR                                    0x2000010c   Data           4  gui_paint.o(.data)
    LCD_1IN83                                0x20000110   Data           6  lcd_1in83.o(.data)
    __stdout                                 0x20000118   Data           4  stdout.o(.data)
    __microlib_freelist                      0x2000011c   Data           4  mvars.o(.data)
    __microlib_freelist_initialised          0x20000120   Data           4  mvars.o(.data)
    Mpu6050TaskBuffer                        0x20000124   Data         512  freertos.o(.bss)
    Mpu6050TaskControlBlock                  0x20000324   Data          92  freertos.o(.bss)
    ShowTaskBuffer                           0x20000380   Data        2048  freertos.o(.bss)
    ShowTaskControlBlock                     0x20000b80   Data          92  freertos.o(.bss)
    DataTransTaskBuffer                      0x20000bdc   Data         512  freertos.o(.bss)
    DataTransTaskControlBlock                0x20000ddc   Data          92  freertos.o(.bss)
    DataGetTaskBuffer                        0x20000e38   Data         512  freertos.o(.bss)
    DataGetTaskControlBlock                  0x20001038   Data          92  freertos.o(.bss)
    ModelTaskBuffer                          0x20001094   Data        2048  freertos.o(.bss)
    ModelTaskControlBlock                    0x20001894   Data          92  freertos.o(.bss)
    Mpu6050QueueControlBlock                 0x200018f0   Data          80  freertos.o(.bss)
    ModelgetQueueBuffer                      0x20001940   Data          20  freertos.o(.bss)
    ModelgetQueueControlBlock                0x20001954   Data          80  freertos.o(.bss)
    hspi1                                    0x200019a4   Data          88  spi.o(.bss)
    htim3                                    0x200019fc   Data          72  tim.o(.bss)
    huart1                                   0x20001a44   Data          72  usart.o(.bss)
    htim2                                    0x20001a8c   Data          72  stm32f4xx_hal_timebase_tim.o(.bss)
    xQueueRegistry                           0x20001ad4   Data          64  queue.o(.bss)
    IMU_bias                                 0x20004fa8   Data          12  imu.o(.bss)
    IMU_Data_mAcc                            0x20004fb4   Data        1800  imu.o(.bss)
    IMU_Data_mGyro                           0x200056bc   Data        1800  imu.o(.bss)
    Paint                                    0x20005dd4   Data          24  gui_paint.o(.bss)
    __heap_base                              0x20005df0   Data           0  startup_stm32f407xx.o(HEAP)
    __heap_limit                             0x20005ff0   Data           0  startup_stm32f407xx.o(HEAP)
    __initial_sp                             0x200063f0   Data           0  startup_stm32f407xx.o(STACK)



==============================================================================

Memory Map of the image

  Image Entry point : 0x08000189

  Load Region LR_IROM1 (Base: 0x08000000, Size: 0x0000d2b4, Max: 0x00080000, ABSOLUTE)

    Execution Region ER_IROM1 (Exec base: 0x08000000, Load base: 0x08000000, Size: 0x0000d190, Max: 0x00080000, ABSOLUTE)

    Exec Addr    Load Addr    Size         Type   Attr      Idx    E Section Name        Object

    0x08000000   0x08000000   0x00000188   Data   RO            3    RESET               startup_stm32f407xx.o
    0x08000188   0x08000188   0x00000000   Code   RO         6488  * .ARM.Collect$$$$00000000  mc_w.l(entry.o)
    0x08000188   0x08000188   0x00000004   Code   RO         6804    .ARM.Collect$$$$00000001  mc_w.l(entry2.o)
    0x0800018c   0x0800018c   0x00000004   Code   RO         6807    .ARM.Collect$$$$00000004  mc_w.l(entry5.o)
    0x08000190   0x08000190   0x00000000   Code   RO         6809    .ARM.Collect$$$$00000008  mc_w.l(entry7b.o)
    0x08000190   0x08000190   0x00000000   Code   RO         6811    .ARM.Collect$$$$0000000A  mc_w.l(entry8b.o)
    0x08000190   0x08000190   0x00000008   Code   RO         6812    .ARM.Collect$$$$0000000B  mc_w.l(entry9a.o)
    0x08000198   0x08000198   0x00000004   Code   RO         6819    .ARM.Collect$$$$0000000E  mc_w.l(entry12b.o)
    0x0800019c   0x0800019c   0x00000000   Code   RO         6814    .ARM.Collect$$$$0000000F  mc_w.l(entry10a.o)
    0x0800019c   0x0800019c   0x00000000   Code   RO         6816    .ARM.Collect$$$$00000011  mc_w.l(entry11a.o)
    0x0800019c   0x0800019c   0x00000004   Code   RO         6805    .ARM.Collect$$$$00002712  mc_w.l(entry2.o)
    0x080001a0   0x080001a0   0x000000be   Code   RO         5145    .emb_text           port.o
    0x0800025e   0x0800025e   0x00000002   PAD
    0x08000260   0x08000260   0x00000024   Code   RO            4    .text               startup_stm32f407xx.o
    0x08000284   0x08000284   0x00000062   Code   RO         6491    .text               mc_w.l(uldiv.o)
    0x080002e6   0x080002e6   0x00000062   Code   RO         6493    .text               mc_w.l(ldiv.o)
    0x08000348   0x08000348   0x00000024   Code   RO         6495    .text               mc_w.l(memcpya.o)
    0x0800036c   0x0800036c   0x00000024   Code   RO         6499    .text               mc_w.l(memseta.o)
    0x08000390   0x08000390   0x0000000e   Code   RO         6501    .text               mc_w.l(strlen.o)
    0x0800039e   0x0800039e   0x0000001a   Code   RO         6503    .text               mc_w.l(memcmp.o)
    0x080003b8   0x080003b8   0x000000e4   Code   RO         6796    .text               mf_w.l(dmul.o)
    0x0800049c   0x0800049c   0x00000022   Code   RO         6798    .text               mf_w.l(dflti.o)
    0x080004be   0x080004be   0x00000026   Code   RO         6800    .text               mf_w.l(f2d.o)
    0x080004e4   0x080004e4   0x00000038   Code   RO         6802    .text               mf_w.l(d2f.o)
    0x0800051c   0x0800051c   0x0000002c   Code   RO         6821    .text               mc_w.l(uidiv.o)
    0x08000548   0x08000548   0x0000001e   Code   RO         6823    .text               mc_w.l(llshl.o)
    0x08000566   0x08000566   0x00000020   Code   RO         6825    .text               mc_w.l(llushr.o)
    0x08000586   0x08000586   0x00000000   Code   RO         6829    .text               mc_w.l(iusefp.o)
    0x08000586   0x08000586   0x0000006e   Code   RO         6830    .text               mf_w.l(fepilogue.o)
    0x080005f4   0x080005f4   0x000000ba   Code   RO         6832    .text               mf_w.l(depilogue.o)
    0x080006ae   0x080006ae   0x0000014e   Code   RO         6834    .text               mf_w.l(dadd.o)
    0x080007fc   0x080007fc   0x000000de   Code   RO         6836    .text               mf_w.l(ddiv.o)
    0x080008da   0x080008da   0x00000030   Code   RO         6838    .text               mf_w.l(dfixul.o)
    0x0800090a   0x0800090a   0x00000002   PAD
    0x0800090c   0x0800090c   0x00000030   Code   RO         6840    .text               mf_w.l(cdrcmple.o)
    0x0800093c   0x0800093c   0x00000024   Code   RO         6842    .text               mc_w.l(init.o)
    0x08000960   0x08000960   0x00000024   Code   RO         6844    .text               mc_w.l(llsshr.o)
    0x08000984   0x08000984   0x00000002   Code   RO          488    i.BusFault_Handler  stm32f4xx_it.o
    0x08000986   0x08000986   0x00000002   PAD
    0x08000988   0x08000988   0x0000003c   Code   RO         6209    i.DEV_Module_Init   dev_config_1.o
    0x080009c4   0x080009c4   0x00000018   Code   RO         6210    i.DEV_SPI_WRite     dev_config_1.o
    0x080009dc   0x080009dc   0x00000012   Code   RO          287    i.DataGet           freertos.o
    0x080009ee   0x080009ee   0x00000012   Code   RO          288    i.DataTrans         freertos.o
    0x08000a00   0x08000a00   0x00000002   Code   RO          489    i.DebugMon_Handler  stm32f4xx_it.o
    0x08000a02   0x08000a02   0x00000016   Code   RO         5308    i.Delay_ms          delay.o
    0x08000a18   0x08000a18   0x0000001c   Code   RO         5310    i.Delay_us          delay.o
    0x08000a34   0x08000a34   0x00000004   Code   RO           13    i.Error_Handler     main.o
    0x08000a38   0x08000a38   0x00000092   Code   RO         2056    i.HAL_DMA_Abort     stm32f4xx_hal_dma.o
    0x08000aca   0x08000aca   0x00000024   Code   RO         2057    i.HAL_DMA_Abort_IT  stm32f4xx_hal_dma.o
    0x08000aee   0x08000aee   0x00000002   PAD
    0x08000af0   0x08000af0   0x00000024   Code   RO         2493    i.HAL_Delay         stm32f4xx_hal.o
    0x08000b14   0x08000b14   0x000001f0   Code   RO         1949    i.HAL_GPIO_Init     stm32f4xx_hal_gpio.o
    0x08000d04   0x08000d04   0x0000000a   Code   RO         1951    i.HAL_GPIO_ReadPin  stm32f4xx_hal_gpio.o
    0x08000d0e   0x08000d0e   0x00000010   Code   RO         1952    i.HAL_GPIO_TogglePin  stm32f4xx_hal_gpio.o
    0x08000d1e   0x08000d1e   0x0000000a   Code   RO         1953    i.HAL_GPIO_WritePin  stm32f4xx_hal_gpio.o
    0x08000d28   0x08000d28   0x0000000c   Code   RO         2499    i.HAL_GetTick       stm32f4xx_hal.o
    0x08000d34   0x08000d34   0x00000010   Code   RO         2505    i.HAL_IncTick       stm32f4xx_hal.o
    0x08000d44   0x08000d44   0x00000034   Code   RO         2506    i.HAL_Init          stm32f4xx_hal.o
    0x08000d78   0x08000d78   0x00000098   Code   RO          582    i.HAL_InitTick      stm32f4xx_hal_timebase_tim.o
    0x08000e10   0x08000e10   0x00000038   Code   RO          558    i.HAL_MspInit       stm32f4xx_hal_msp.o
    0x08000e48   0x08000e48   0x0000001a   Code   RO         2341    i.HAL_NVIC_EnableIRQ  stm32f4xx_hal_cortex.o
    0x08000e62   0x08000e62   0x00000002   PAD
    0x08000e64   0x08000e64   0x00000040   Code   RO         2347    i.HAL_NVIC_SetPriority  stm32f4xx_hal_cortex.o
    0x08000ea4   0x08000ea4   0x00000024   Code   RO         2348    i.HAL_NVIC_SetPriorityGrouping  stm32f4xx_hal_cortex.o
    0x08000ec8   0x08000ec8   0x00000134   Code   RO         1595    i.HAL_RCC_ClockConfig  stm32f4xx_hal_rcc.o
    0x08000ffc   0x08000ffc   0x00000040   Code   RO         1599    i.HAL_RCC_GetClockConfig  stm32f4xx_hal_rcc.o
    0x0800103c   0x0800103c   0x00000020   Code   RO         1602    i.HAL_RCC_GetPCLK1Freq  stm32f4xx_hal_rcc.o
    0x0800105c   0x0800105c   0x00000020   Code   RO         1603    i.HAL_RCC_GetPCLK2Freq  stm32f4xx_hal_rcc.o
    0x0800107c   0x0800107c   0x00000060   Code   RO         1604    i.HAL_RCC_GetSysClockFreq  stm32f4xx_hal_rcc.o
    0x080010dc   0x080010dc   0x0000036c   Code   RO         1607    i.HAL_RCC_OscConfig  stm32f4xx_hal_rcc.o
    0x08001448   0x08001448   0x000000bc   Code   RO         2755    i.HAL_SPI_Init      stm32f4xx_hal_spi.o
    0x08001504   0x08001504   0x00000068   Code   RO          357    i.HAL_SPI_MspInit   spi.o
    0x0800156c   0x0800156c   0x00000166   Code   RO         2763    i.HAL_SPI_Transmit  stm32f4xx_hal_spi.o
    0x080016d2   0x080016d2   0x00000002   Code   RO         1327    i.HAL_TIMEx_BreakCallback  stm32f4xx_hal_tim_ex.o
    0x080016d4   0x080016d4   0x00000002   Code   RO         1328    i.HAL_TIMEx_CommutCallback  stm32f4xx_hal_tim_ex.o
    0x080016d6   0x080016d6   0x00000002   PAD
    0x080016d8   0x080016d8   0x00000090   Code   RO         1346    i.HAL_TIMEx_MasterConfigSynchronization  stm32f4xx_hal_tim_ex.o
    0x08001768   0x08001768   0x0000005a   Code   RO          623    i.HAL_TIM_Base_Init  stm32f4xx_hal_tim.o
    0x080017c2   0x080017c2   0x00000002   Code   RO          625    i.HAL_TIM_Base_MspInit  stm32f4xx_hal_tim.o
    0x080017c4   0x080017c4   0x00000080   Code   RO          628    i.HAL_TIM_Base_Start_IT  stm32f4xx_hal_tim.o
    0x08001844   0x08001844   0x00000002   Code   RO          657    i.HAL_TIM_IC_CaptureCallback  stm32f4xx_hal_tim.o
    0x08001846   0x08001846   0x00000130   Code   RO          671    i.HAL_TIM_IRQHandler  stm32f4xx_hal_tim.o
    0x08001976   0x08001976   0x00000002   PAD
    0x08001978   0x08001978   0x00000050   Code   RO          398    i.HAL_TIM_MspPostInit  tim.o
    0x080019c8   0x080019c8   0x00000002   Code   RO          674    i.HAL_TIM_OC_DelayElapsedCallback  stm32f4xx_hal_tim.o
    0x080019ca   0x080019ca   0x000000cc   Code   RO          695    i.HAL_TIM_PWM_ConfigChannel  stm32f4xx_hal_tim.o
    0x08001a96   0x08001a96   0x0000005a   Code   RO          698    i.HAL_TIM_PWM_Init  stm32f4xx_hal_tim.o
    0x08001af0   0x08001af0   0x00000028   Code   RO          400    i.HAL_TIM_PWM_MspInit  tim.o
    0x08001b18   0x08001b18   0x00000002   Code   RO          701    i.HAL_TIM_PWM_PulseFinishedCallback  stm32f4xx_hal_tim.o
    0x08001b1a   0x08001b1a   0x00000002   PAD
    0x08001b1c   0x08001b1c   0x000000c8   Code   RO          703    i.HAL_TIM_PWM_Start  stm32f4xx_hal_tim.o
    0x08001be4   0x08001be4   0x0000000e   Code   RO           14    i.HAL_TIM_PeriodElapsedCallback  main.o
    0x08001bf2   0x08001bf2   0x00000002   Code   RO          714    i.HAL_TIM_TriggerCallback  stm32f4xx_hal_tim.o
    0x08001bf4   0x08001bf4   0x00000002   Code   RO         3078    i.HAL_UARTEx_RxEventCallback  stm32f4xx_hal_uart.o
    0x08001bf6   0x08001bf6   0x00000002   Code   RO         3092    i.HAL_UART_ErrorCallback  stm32f4xx_hal_uart.o
    0x08001bf8   0x08001bf8   0x00000280   Code   RO         3095    i.HAL_UART_IRQHandler  stm32f4xx_hal_uart.o
    0x08001e78   0x08001e78   0x00000064   Code   RO         3096    i.HAL_UART_Init     stm32f4xx_hal_uart.o
    0x08001edc   0x08001edc   0x0000007c   Code   RO          447    i.HAL_UART_MspInit  usart.o
    0x08001f58   0x08001f58   0x00000002   Code   RO         3102    i.HAL_UART_RxCpltCallback  stm32f4xx_hal_uart.o
    0x08001f5a   0x08001f5a   0x000000a0   Code   RO         3104    i.HAL_UART_Transmit  stm32f4xx_hal_uart.o
    0x08001ffa   0x08001ffa   0x00000002   Code   RO         3107    i.HAL_UART_TxCpltCallback  stm32f4xx_hal_uart.o
    0x08001ffc   0x08001ffc   0x00000002   Code   RO          490    i.HardFault_Handler  stm32f4xx_it.o
    0x08001ffe   0x08001ffe   0x00000002   PAD
    0x08002000   0x08002000   0x0000005c   Code   RO         5382    i.IIC_Init          iic.o
    0x0800205c   0x0800205c   0x00000010   Code   RO         5383    i.IIC_R_SDA         iic.o
    0x0800206c   0x0800206c   0x0000001e   Code   RO         5384    i.IIC_Receive_Ack   iic.o
    0x0800208a   0x0800208a   0x00000034   Code   RO         5385    i.IIC_Receive_Byte  iic.o
    0x080020be   0x080020be   0x00000016   Code   RO         5386    i.IIC_Send_Ack      iic.o
    0x080020d4   0x080020d4   0x00000026   Code   RO         5387    i.IIC_Send_Byte     iic.o
    0x080020fa   0x080020fa   0x0000001e   Code   RO         5388    i.IIC_Start         iic.o
    0x08002118   0x08002118   0x00000018   Code   RO         5389    i.IIC_Stop          iic.o
    0x08002130   0x08002130   0x00000024   Code   RO         5390    i.IIC_W_SCL         iic.o
    0x08002154   0x08002154   0x00000024   Code   RO         5391    i.IIC_W_SDA         iic.o
    0x08002178   0x08002178   0x0000006a   Code   RO         5392    i.IIC_read          iic.o
    0x080021e2   0x080021e2   0x00000044   Code   RO         5393    i.IIC_write         iic.o
    0x08002226   0x08002226   0x00000002   PAD
    0x08002228   0x08002228   0x0000013c   Code   RO         5471    i.IMU_Get_Data      imu.o
    0x08002364   0x08002364   0x00000054   Code   RO         6404    i.LCD_1IN83_Clear   lcd_1in83.o
    0x080023b8   0x080023b8   0x00000044   Code   RO         6407    i.LCD_1IN83_DrawPoint  lcd_1in83.o
    0x080023fc   0x080023fc   0x0000006c   Code   RO         6408    i.LCD_1IN83_Init    lcd_1in83.o
    0x08002468   0x08002468   0x000002fa   Code   RO         6409    i.LCD_1IN83_InitReg  lcd_1in83.o
    0x08002762   0x08002762   0x00000002   PAD
    0x08002764   0x08002764   0x0000002c   Code   RO         6410    i.LCD_1IN83_SendCommand  lcd_1in83.o
    0x08002790   0x08002790   0x0000001c   Code   RO         6411    i.LCD_1IN83_SendData_8Bit  lcd_1in83.o
    0x080027ac   0x080027ac   0x0000000c   Code   RO         6412    i.LCD_1IN83_SetBackLight  lcd_1in83.o
    0x080027b8   0x080027b8   0x000000a8   Code   RO         6413    i.LCD_1IN83_SetWindows  lcd_1in83.o
    0x08002860   0x08002860   0x000000a4   Code   RO         6414    i.LCD_1IN83_SetWindows_Point  lcd_1in83.o
    0x08002904   0x08002904   0x000000d4   Code   RO         5514    i.MPU6050_Init      mpu6050.o
    0x080029d8   0x080029d8   0x00000084   Code   RO          289    i.MX_FREERTOS_Init  freertos.o
    0x08002a5c   0x08002a5c   0x000000c0   Code   RO          263    i.MX_GPIO_Init      gpio.o
    0x08002b1c   0x08002b1c   0x00000044   Code   RO          358    i.MX_SPI1_Init      spi.o
    0x08002b60   0x08002b60   0x00000074   Code   RO          401    i.MX_TIM3_Init      tim.o
    0x08002bd4   0x08002bd4   0x00000038   Code   RO          448    i.MX_USART1_UART_Init  usart.o
    0x08002c0c   0x08002c0c   0x00000002   Code   RO          491    i.MemManage_Handler  stm32f4xx_it.o
    0x08002c0e   0x08002c0e   0x00000012   Code   RO          290    i.Model             freertos.o
    0x08002c20   0x08002c20   0x00000028   Code   RO         5225    i.Mpu6050           mpu6050get.o
    0x08002c48   0x08002c48   0x00000002   Code   RO          492    i.NMI_Handler       stm32f4xx_it.o
    0x08002c4a   0x08002c4a   0x00000002   PAD
    0x08002c4c   0x08002c4c   0x0000000c   Code   RO         6250    i.Paint_Clear       gui_paint.o
    0x08002c58   0x08002c58   0x00000100   Code   RO         6252    i.Paint_DrawChar    gui_paint.o
    0x08002d58   0x08002d58   0x00000088   Code   RO         6254    i.Paint_DrawFloatNum  gui_paint.o
    0x08002de0   0x08002de0   0x00000060   Code   RO         6255    i.Paint_DrawImage   gui_paint.o
    0x08002e40   0x08002e40   0x00000198   Code   RO         6260    i.Paint_DrawString_CN  gui_paint.o
    0x08002fd8   0x08002fd8   0x0000007c   Code   RO         6261    i.Paint_DrawString_EN  gui_paint.o
    0x08003054   0x08003054   0x00000064   Code   RO         6263    i.Paint_NewImage    gui_paint.o
    0x080030b8   0x080030b8   0x0000000c   Code   RO         6264    i.Paint_SetClearFuntion  gui_paint.o
    0x080030c4   0x080030c4   0x0000000c   Code   RO         6265    i.Paint_SetDisplayFuntion  gui_paint.o
    0x080030d0   0x080030d0   0x000000c8   Code   RO         6267    i.Paint_SetPixel    gui_paint.o
    0x08003198   0x08003198   0x0000006c   Code   RO         2793    i.SPI_EndRxTxTransaction  stm32f4xx_hal_spi.o
    0x08003204   0x08003204   0x000000bc   Code   RO         2798    i.SPI_WaitFlagStateUntilTimeout  stm32f4xx_hal_spi.o
    0x080032c0   0x080032c0   0x000001e8   Code   RO         5255    i.Show              show.o
    0x080034a8   0x080034a8   0x0000001a   Code   RO         4577    i.SysTick_Handler   cmsis_os2.o
    0x080034c2   0x080034c2   0x00000002   PAD
    0x080034c4   0x080034c4   0x00000094   Code   RO           15    i.SystemClock_Config  main.o
    0x08003558   0x08003558   0x00000010   Code   RO         3430    i.SystemInit        system_stm32f4xx.o
    0x08003568   0x08003568   0x0000000c   Code   RO          493    i.TIM2_IRQHandler   stm32f4xx_it.o
    0x08003574   0x08003574   0x000000d0   Code   RO          716    i.TIM_Base_SetConfig  stm32f4xx_hal_tim.o
    0x08003644   0x08003644   0x0000001a   Code   RO          717    i.TIM_CCxChannelCmd  stm32f4xx_hal_tim.o
    0x0800365e   0x0800365e   0x00000002   PAD
    0x08003660   0x08003660   0x00000060   Code   RO          729    i.TIM_OC1_SetConfig  stm32f4xx_hal_tim.o
    0x080036c0   0x080036c0   0x0000006c   Code   RO          730    i.TIM_OC2_SetConfig  stm32f4xx_hal_tim.o
    0x0800372c   0x0800372c   0x00000068   Code   RO          731    i.TIM_OC3_SetConfig  stm32f4xx_hal_tim.o
    0x08003794   0x08003794   0x00000050   Code   RO          732    i.TIM_OC4_SetConfig  stm32f4xx_hal_tim.o
    0x080037e4   0x080037e4   0x0000000e   Code   RO         3109    i.UART_DMAAbortOnError  stm32f4xx_hal_uart.o
    0x080037f2   0x080037f2   0x0000004e   Code   RO         3119    i.UART_EndRxTransfer  stm32f4xx_hal_uart.o
    0x08003840   0x08003840   0x000000c2   Code   RO         3121    i.UART_Receive_IT   stm32f4xx_hal_uart.o
    0x08003902   0x08003902   0x00000002   PAD
    0x08003904   0x08003904   0x0000010c   Code   RO         3122    i.UART_SetConfig    stm32f4xx_hal_uart.o
    0x08003a10   0x08003a10   0x00000072   Code   RO         3125    i.UART_WaitOnFlagUntilTimeout  stm32f4xx_hal_uart.o
    0x08003a82   0x08003a82   0x00000002   PAD
    0x08003a84   0x08003a84   0x0000000c   Code   RO          494    i.USART1_IRQHandler  stm32f4xx_it.o
    0x08003a90   0x08003a90   0x00000002   Code   RO          495    i.UsageFault_Handler  stm32f4xx_it.o
    0x08003a92   0x08003a92   0x00000002   PAD
    0x08003a94   0x08003a94   0x00000020   Code   RO         6740    i.__0printf         mc_w.l(printfa.o)
    0x08003ab4   0x08003ab4   0x00000028   Code   RO         6742    i.__0sprintf        mc_w.l(printfa.o)
    0x08003adc   0x08003adc   0x00000020   Code   RO         2354    i.__NVIC_SetPriority  stm32f4xx_hal_cortex.o
    0x08003afc   0x08003afc   0x0000000e   Code   RO         6848    i.__scatterload_copy  mc_w.l(handlers.o)
    0x08003b0a   0x08003b0a   0x00000002   Code   RO         6849    i.__scatterload_null  mc_w.l(handlers.o)
    0x08003b0c   0x08003b0c   0x0000000e   Code   RO         6850    i.__scatterload_zeroinit  mc_w.l(handlers.o)
    0x08003b1a   0x08003b1a   0x00000002   PAD
    0x08003b1c   0x08003b1c   0x00000184   Code   RO         6747    i._fp_digits        mc_w.l(printfa.o)
    0x08003ca0   0x08003ca0   0x000006b4   Code   RO         6748    i._printf_core      mc_w.l(printfa.o)
    0x08004354   0x08004354   0x00000024   Code   RO         6749    i._printf_post_padding  mc_w.l(printfa.o)
    0x08004378   0x08004378   0x0000002e   Code   RO         6750    i._printf_pre_padding  mc_w.l(printfa.o)
    0x080043a6   0x080043a6   0x0000000a   Code   RO         6752    i._sputc            mc_w.l(printfa.o)
    0x080043b0   0x080043b0   0x00000090   Code   RO         5558    i.accel_self_test   inv_mpu.o
    0x08004440   0x08004440   0x0000003a   Code   RO         5894    i.dmp_enable_6x_lp_quat  inv_mpu_dmp_motion_driver.o
    0x0800447a   0x0800447a   0x00000002   PAD
    0x0800447c   0x0800447c   0x000001d8   Code   RO         5895    i.dmp_enable_feature  inv_mpu_dmp_motion_driver.o
    0x08004654   0x08004654   0x0000003c   Code   RO         5896    i.dmp_enable_gyro_cal  inv_mpu_dmp_motion_driver.o
    0x08004690   0x08004690   0x0000003a   Code   RO         5897    i.dmp_enable_lp_quat  inv_mpu_dmp_motion_driver.o
    0x080046ca   0x080046ca   0x00000002   PAD
    0x080046cc   0x080046cc   0x00000014   Code   RO         5902    i.dmp_load_motion_driver_firmware  inv_mpu_dmp_motion_driver.o
    0x080046e0   0x080046e0   0x000000d8   Code   RO         5906    i.dmp_set_accel_bias  inv_mpu_dmp_motion_driver.o
    0x080047b8   0x080047b8   0x00000064   Code   RO         5907    i.dmp_set_fifo_rate  inv_mpu_dmp_motion_driver.o
    0x0800481c   0x0800481c   0x000000cc   Code   RO         5908    i.dmp_set_gyro_bias  inv_mpu_dmp_motion_driver.o
    0x080048e8   0x080048e8   0x0000010c   Code   RO         5910    i.dmp_set_orientation  inv_mpu_dmp_motion_driver.o
    0x080049f4   0x080049f4   0x00000030   Code   RO         5913    i.dmp_set_shake_reject_thresh  inv_mpu_dmp_motion_driver.o
    0x08004a24   0x08004a24   0x00000020   Code   RO         5914    i.dmp_set_shake_reject_time  inv_mpu_dmp_motion_driver.o
    0x08004a44   0x08004a44   0x00000020   Code   RO         5915    i.dmp_set_shake_reject_timeout  inv_mpu_dmp_motion_driver.o
    0x08004a64   0x08004a64   0x00000040   Code   RO         5916    i.dmp_set_tap_axes  inv_mpu_dmp_motion_driver.o
    0x08004aa4   0x08004aa4   0x00000022   Code   RO         5917    i.dmp_set_tap_count  inv_mpu_dmp_motion_driver.o
    0x08004ac6   0x08004ac6   0x00000002   PAD
    0x08004ac8   0x08004ac8   0x00000160   Code   RO         5918    i.dmp_set_tap_thresh  inv_mpu_dmp_motion_driver.o
    0x08004c28   0x08004c28   0x00000020   Code   RO         5919    i.dmp_set_tap_time  inv_mpu_dmp_motion_driver.o
    0x08004c48   0x08004c48   0x00000020   Code   RO         5920    i.dmp_set_tap_time_multi  inv_mpu_dmp_motion_driver.o
    0x08004c68   0x08004c68   0x00000018   Code   RO           16    i.fputc             main.o
    0x08004c80   0x08004c80   0x00000050   Code   RO         6768    i.free              mc_w.l(malloc.o)
    0x08004cd0   0x08004cd0   0x000000b4   Code   RO         5559    i.get_accel_prod_shift  inv_mpu.o
    0x08004d84   0x08004d84   0x00000314   Code   RO         5560    i.get_st_biases     inv_mpu.o
    0x08005098   0x08005098   0x000000d4   Code   RO         5562    i.gyro_self_test    inv_mpu.o
    0x0800516c   0x0800516c   0x00000048   Code   RO         5515    i.inv_row_2_scale   mpu6050.o
    0x080051b4   0x080051b4   0x00000050   Code   RO           17    i.main              main.o
    0x08005204   0x08005204   0x0000006c   Code   RO         6769    i.malloc            mc_w.l(malloc.o)
    0x08005270   0x08005270   0x00000054   Code   RO         5563    i.mpu_configure_fifo  inv_mpu.o
    0x080052c4   0x080052c4   0x0000003c   Code   RO         5564    i.mpu_get_accel_fsr  inv_mpu.o
    0x08005300   0x08005300   0x00000044   Code   RO         5566    i.mpu_get_accel_sens  inv_mpu.o
    0x08005344   0x08005344   0x00000034   Code   RO         5572    i.mpu_get_gyro_fsr  inv_mpu.o
    0x08005378   0x08005378   0x0000004c   Code   RO         5574    i.mpu_get_gyro_sens  inv_mpu.o
    0x080053c4   0x080053c4   0x00000038   Code   RO         5576    i.mpu_get_lpf       inv_mpu.o
    0x080053fc   0x080053fc   0x0000001c   Code   RO         5578    i.mpu_get_sample_rate  inv_mpu.o
    0x08005418   0x08005418   0x000000b8   Code   RO         5580    i.mpu_init          inv_mpu.o
    0x080054d0   0x080054d0   0x000000a0   Code   RO         5581    i.mpu_load_firmware  inv_mpu.o
    0x08005570   0x08005570   0x000000b8   Code   RO         5582    i.mpu_lp_accel_mode  inv_mpu.o
    0x08005628   0x08005628   0x00000054   Code   RO         5589    i.mpu_read_mem      inv_mpu.o
    0x0800567c   0x0800567c   0x00000160   Code   RO         5592    i.mpu_reset_fifo    inv_mpu.o
    0x080057dc   0x080057dc   0x000000f0   Code   RO         5593    i.mpu_run_self_test  inv_mpu.o
    0x080058cc   0x080058cc   0x00000068   Code   RO         5596    i.mpu_set_accel_fsr  inv_mpu.o
    0x08005934   0x08005934   0x000000dc   Code   RO         5597    i.mpu_set_bypass    inv_mpu.o
    0x08005a10   0x08005a10   0x00000078   Code   RO         5599    i.mpu_set_dmp_state  inv_mpu.o
    0x08005a88   0x08005a88   0x0000006c   Code   RO         5601    i.mpu_set_gyro_fsr  inv_mpu.o
    0x08005af4   0x08005af4   0x00000064   Code   RO         5602    i.mpu_set_int_latched  inv_mpu.o
    0x08005b58   0x08005b58   0x0000006c   Code   RO         5604    i.mpu_set_lpf       inv_mpu.o
    0x08005bc4   0x08005bc4   0x00000080   Code   RO         5605    i.mpu_set_sample_rate  inv_mpu.o
    0x08005c44   0x08005c44   0x000000b8   Code   RO         5606    i.mpu_set_sensors   inv_mpu.o
    0x08005cfc   0x08005cfc   0x00000054   Code   RO         5607    i.mpu_write_mem     inv_mpu.o
    0x08005d50   0x08005d50   0x00000024   Code   RO         4593    i.osKernelInitialize  cmsis_os2.o
    0x08005d74   0x08005d74   0x00000038   Code   RO         4596    i.osKernelStart     cmsis_os2.o
    0x08005dac   0x08005dac   0x00000058   Code   RO         4613    i.osMessageQueueNew  cmsis_os2.o
    0x08005e04   0x08005e04   0x0000008a   Code   RO         4638    i.osThreadNew       cmsis_os2.o
    0x08005e8e   0x08005e8e   0x00000002   PAD
    0x08005e90   0x08005e90   0x0000005c   Code   RO         4038    i.prvAddCurrentTaskToDelayedList  tasks.o
    0x08005eec   0x08005eec   0x000000d0   Code   RO         4039    i.prvAddNewTaskToReadyList  tasks.o
    0x08005fbc   0x08005fbc   0x00000058   Code   RO         4403    i.prvCheckForValidListAndQueue  timers.o
    0x08006014   0x08006014   0x00000026   Code   RO         3635    i.prvCopyDataFromQueue  queue.o
    0x0800603a   0x0800603a   0x0000006c   Code   RO         3636    i.prvCopyDataToQueue  queue.o
    0x080060a6   0x080060a6   0x00000034   Code   RO         4040    i.prvDeleteTCB      tasks.o
    0x080060da   0x080060da   0x00000002   PAD
    0x080060dc   0x080060dc   0x0000004c   Code   RO         5090    i.prvHeapInit       heap_4.o
    0x08006128   0x08006128   0x00000060   Code   RO         4041    i.prvIdleTask       tasks.o
    0x08006188   0x08006188   0x00000022   Code   RO         3638    i.prvInitialiseNewQueue  queue.o
    0x080061aa   0x080061aa   0x00000002   PAD
    0x080061ac   0x080061ac   0x000000b0   Code   RO         4042    i.prvInitialiseNewTask  tasks.o
    0x0800625c   0x0800625c   0x0000004c   Code   RO         5091    i.prvInsertBlockIntoFreeList  heap_4.o
    0x080062a8   0x080062a8   0x00000038   Code   RO         4405    i.prvInsertTimerInActiveList  timers.o
    0x080062e0   0x080062e0   0x0000001c   Code   RO         3639    i.prvIsQueueEmpty   queue.o
    0x080062fc   0x080062fc   0x000000fc   Code   RO         4406    i.prvProcessReceivedCommands  timers.o
    0x080063f8   0x080063f8   0x000000c0   Code   RO         4407    i.prvProcessTimerOrBlockTask  timers.o
    0x080064b8   0x080064b8   0x00000020   Code   RO         4044    i.prvResetNextTaskUnblockTime  tasks.o
    0x080064d8   0x080064d8   0x00000028   Code   RO         4408    i.prvSampleTimeNow  timers.o
    0x08006500   0x08006500   0x0000006c   Code   RO         4409    i.prvSwitchTimerLists  timers.o
    0x0800656c   0x0800656c   0x00000028   Code   RO         5146    i.prvTaskExitError  port.o
    0x08006594   0x08006594   0x00000024   Code   RO         4410    i.prvTimerTask      timers.o
    0x080065b8   0x080065b8   0x0000006a   Code   RO         3640    i.prvUnlockQueue    queue.o
    0x08006622   0x08006622   0x00000002   PAD
    0x08006624   0x08006624   0x000000dc   Code   RO         5092    i.pvPortMalloc      heap_4.o
    0x08006700   0x08006700   0x0000002c   Code   RO         5147    i.pxPortInitialiseStack  port.o
    0x0800672c   0x0800672c   0x00000082   Code   RO         5516    i.run_self_test     mpu6050.o
    0x080067ae   0x080067ae   0x00000002   PAD
    0x080067b0   0x080067b0   0x00000058   Code   RO         5608    i.set_int_enable    inv_mpu.o
    0x08006808   0x08006808   0x00000026   Code   RO         3595    i.uxListRemove      list.o
    0x0800682e   0x0800682e   0x00000002   PAD
    0x08006830   0x08006830   0x00000014   Code   RO         4650    i.vApplicationGetIdleTaskMemory  cmsis_os2.o
    0x08006844   0x08006844   0x00000018   Code   RO         4651    i.vApplicationGetTimerTaskMemory  cmsis_os2.o
    0x0800685c   0x0800685c   0x00000016   Code   RO         3596    i.vListInitialise   list.o
    0x08006872   0x08006872   0x00000006   Code   RO         3597    i.vListInitialiseItem  list.o
    0x08006878   0x08006878   0x00000030   Code   RO         3598    i.vListInsert       list.o
    0x080068a8   0x080068a8   0x00000018   Code   RO         3599    i.vListInsertEnd    list.o
    0x080068c0   0x080068c0   0x00000040   Code   RO         5149    i.vPortEnterCritical  port.o
    0x08006900   0x08006900   0x00000028   Code   RO         5150    i.vPortExitCritical  port.o
    0x08006928   0x08006928   0x00000064   Code   RO         5093    i.vPortFree         heap_4.o
    0x0800698c   0x0800698c   0x00000024   Code   RO         5151    i.vPortSetupTimerInterrupt  port.o
    0x080069b0   0x080069b0   0x00000054   Code   RO         5152    i.vPortValidateInterruptPriority  port.o
    0x08006a04   0x08006a04   0x00000028   Code   RO         3646    i.vQueueAddToRegistry  queue.o
    0x08006a2c   0x08006a2c   0x00000044   Code   RO         3650    i.vQueueWaitForMessageRestricted  queue.o
    0x08006a70   0x08006a70   0x0000008c   Code   RO         4058    i.vTaskDelayUntil   tasks.o
    0x08006afc   0x08006afc   0x00000010   Code   RO         4062    i.vTaskInternalSetTimeOutState  tasks.o
    0x08006b0c   0x08006b0c   0x0000000c   Code   RO         4063    i.vTaskMissedYield  tasks.o
    0x08006b18   0x08006b18   0x00000030   Code   RO         4065    i.vTaskPlaceOnEventList  tasks.o
    0x08006b48   0x08006b48   0x00000038   Code   RO         4066    i.vTaskPlaceOnEventListRestricted  tasks.o
    0x08006b80   0x08006b80   0x00000088   Code   RO         4074    i.vTaskStartScheduler  tasks.o
    0x08006c08   0x08006c08   0x00000010   Code   RO         4076    i.vTaskSuspendAll   tasks.o
    0x08006c18   0x08006c18   0x00000064   Code   RO         4077    i.vTaskSwitchContext  tasks.o
    0x08006c7c   0x08006c7c   0x000000f4   Code   RO         5153    i.xPortStartScheduler  port.o
    0x08006d70   0x08006d70   0x0000002c   Code   RO         5154    i.xPortSysTickHandler  port.o
    0x08006d9c   0x08006d9c   0x00000042   Code   RO         3655    i.xQueueGenericCreate  queue.o
    0x08006dde   0x08006dde   0x00000066   Code   RO         3656    i.xQueueGenericCreateStatic  queue.o
    0x08006e44   0x08006e44   0x00000088   Code   RO         3657    i.xQueueGenericReset  queue.o
    0x08006ecc   0x08006ecc   0x00000160   Code   RO         3658    i.xQueueGenericSend  queue.o
    0x0800702c   0x0800702c   0x000000be   Code   RO         3659    i.xQueueGenericSendFromISR  queue.o
    0x080070ea   0x080070ea   0x00000002   PAD
    0x080070ec   0x080070ec   0x00000138   Code   RO         3668    i.xQueueReceive     queue.o
    0x08007224   0x08007224   0x00000074   Code   RO         4079    i.xTaskCheckForTimeOut  tasks.o
    0x08007298   0x08007298   0x0000005a   Code   RO         4080    i.xTaskCreate       tasks.o
    0x080072f2   0x080072f2   0x00000056   Code   RO         4081    i.xTaskCreateStatic  tasks.o
    0x08007348   0x08007348   0x0000001c   Code   RO         4085    i.xTaskGetSchedulerState  tasks.o
    0x08007364   0x08007364   0x0000000c   Code   RO         4086    i.xTaskGetTickCount  tasks.o
    0x08007370   0x08007370   0x000000c8   Code   RO         4088    i.xTaskIncrementTick  tasks.o
    0x08007438   0x08007438   0x00000080   Code   RO         4091    i.xTaskPriorityDisinherit  tasks.o
    0x080074b8   0x080074b8   0x00000070   Code   RO         4093    i.xTaskRemoveFromEventList  tasks.o
    0x08007528   0x08007528   0x000000c4   Code   RO         4094    i.xTaskResumeAll    tasks.o
    0x080075ec   0x080075ec   0x00000060   Code   RO         4419    i.xTimerCreateTimerTask  timers.o
    0x0800764c   0x0800764c   0x00000068   Code   RO         4420    i.xTimerGenericCommand  timers.o
    0x080076b4   0x080076b4   0x000000e4   Data   RO          304    .constdata          freertos.o
    0x08007798   0x08007798   0x00000010   Data   RO         3431    .constdata          system_stm32f4xx.o
    0x080077a8   0x080077a8   0x00000008   Data   RO         3432    .constdata          system_stm32f4xx.o
    0x080077b0   0x080077b0   0x0000001e   Data   RO         5609    .constdata          inv_mpu.o
    0x080077ce   0x080077ce   0x0000000c   Data   RO         5610    .constdata          inv_mpu.o
    0x080077da   0x080077da   0x00000002   PAD
    0x080077dc   0x080077dc   0x00000028   Data   RO         5611    .constdata          inv_mpu.o
    0x08007804   0x08007804   0x00000bf6   Data   RO         5922    .constdata          inv_mpu_dmp_motion_driver.o
    0x080083fa   0x080083fa   0x00000474   Data   RO         6121    .constdata          font12.o
    0x0800886e   0x0800886e   0x00001ab8   Data   RO         6177    .constdata          font24.o
    0x0800a326   0x0800a326   0x00001182   Data   RO         6191    .constdata          font24cn.o
    0x0800b4a8   0x0800b4a8   0x00001c20   Data   RO         6388    .constdata          image.o
    0x0800d0c8   0x0800d0c8   0x0000005d   Data   RO          305    .conststring        freertos.o
    0x0800d125   0x0800d125   0x00000003   PAD
    0x0800d128   0x0800d128   0x00000045   Data   RO         6270    .conststring        gui_paint.o
    0x0800d16d   0x0800d16d   0x00000003   PAD
    0x0800d170   0x0800d170   0x00000020   Data   RO         6846    Region$$Table       anon$$obj.o


    Execution Region RW_IRAM1 (Exec base: 0x20000000, Load base: 0x0800d190, Size: 0x000063f0, Max: 0x0001c000, ABSOLUTE)

    Exec Addr    Load Addr    Size         Type   Attr      Idx    E Section Name        Object

    0x20000000   0x0800d190   0x0000001c   Data   RW          306    .data               freertos.o
    0x2000001c   0x0800d1ac   0x00000006   Data   RW          307    .data               freertos.o
    0x20000022   0x0800d1b2   0x00000002   PAD
    0x20000024   0x0800d1b4   0x0000000c   Data   RW         2513    .data               stm32f4xx_hal.o
    0x20000030   0x0800d1c0   0x00000004   Data   RW         3433    .data               system_stm32f4xx.o
    0x20000034   0x0800d1c4   0x0000003c   Data   RW         4097    .data               tasks.o
    0x20000070   0x0800d200   0x00000014   Data   RW         4428    .data               timers.o
    0x20000084   0x0800d214   0x00000004   Data   RW         4653    .data               cmsis_os2.o
    0x20000088   0x0800d218   0x00000020   Data   RW         5099    .data               heap_4.o
    0x200000a8   0x0800d238   0x0000000c   Data   RW         5155    .data               port.o
    0x200000b4   0x0800d244   0x00000009   Data   RW         5517    .data               mpu6050.o
    0x200000bd   0x0800d24d   0x00000003   PAD
    0x200000c0   0x0800d250   0x0000002c   Data   RW         5612    .data               inv_mpu.o
    0x200000ec   0x0800d27c   0x00000008   Data   RW         6122    .data               font12.o
    0x200000f4   0x0800d284   0x00000008   Data   RW         6178    .data               font24.o
    0x200000fc   0x0800d28c   0x0000000c   Data   RW         6192    .data               font24cn.o
    0x20000108   0x0800d298   0x00000008   Data   RW         6271    .data               gui_paint.o
    0x20000110   0x0800d2a0   0x00000006   Data   RW         6415    .data               lcd_1in83.o
    0x20000116   0x0800d2a6   0x00000002   PAD
    0x20000118   0x0800d2a8   0x00000004   Data   RW         6820    .data               mc_w.l(stdout.o)
    0x2000011c   0x0800d2ac   0x00000004   Data   RW         6827    .data               mc_w.l(mvars.o)
    0x20000120   0x0800d2b0   0x00000004   Data   RW         6828    .data               mc_w.l(mvars.o)
    0x20000124        -       0x00000200   Zero   RW          291    .bss                freertos.o
    0x20000324        -       0x0000005c   Zero   RW          292    .bss                freertos.o
    0x20000380        -       0x00000800   Zero   RW          293    .bss                freertos.o
    0x20000b80        -       0x0000005c   Zero   RW          294    .bss                freertos.o
    0x20000bdc        -       0x00000200   Zero   RW          295    .bss                freertos.o
    0x20000ddc        -       0x0000005c   Zero   RW          296    .bss                freertos.o
    0x20000e38        -       0x00000200   Zero   RW          297    .bss                freertos.o
    0x20001038        -       0x0000005c   Zero   RW          298    .bss                freertos.o
    0x20001094        -       0x00000800   Zero   RW          299    .bss                freertos.o
    0x20001894        -       0x0000005c   Zero   RW          300    .bss                freertos.o
    0x200018f0        -       0x00000050   Zero   RW          301    .bss                freertos.o
    0x20001940        -       0x00000014   Zero   RW          302    .bss                freertos.o
    0x20001954        -       0x00000050   Zero   RW          303    .bss                freertos.o
    0x200019a4        -       0x00000058   Zero   RW          359    .bss                spi.o
    0x200019fc        -       0x00000048   Zero   RW          402    .bss                tim.o
    0x20001a44        -       0x00000048   Zero   RW          449    .bss                usart.o
    0x20001a8c        -       0x00000048   Zero   RW          585    .bss                stm32f4xx_hal_timebase_tim.o
    0x20001ad4        -       0x00000040   Zero   RW         3672    .bss                queue.o
    0x20001b14        -       0x000004c4   Zero   RW         4096    .bss                tasks.o
    0x20001fd8        -       0x00000118   Zero   RW         4427    .bss                timers.o
    0x200020f0        -       0x000006b8   Zero   RW         4652    .bss                cmsis_os2.o
    0x200027a8        -       0x00002800   Zero   RW         5098    .bss                heap_4.o
    0x20004fa8        -       0x00000e1c   Zero   RW         5473    .bss                imu.o
    0x20005dc4        -       0x00000010   Zero   RW         5921    .bss                inv_mpu_dmp_motion_driver.o
    0x20005dd4        -       0x00000018   Zero   RW         6269    .bss                gui_paint.o
    0x20005dec   0x0800d2b4   0x00000004   PAD
    0x20005df0        -       0x00000200   Zero   RW            2    HEAP                startup_stm32f407xx.o
    0x20005ff0        -       0x00000400   Zero   RW            1    STACK               startup_stm32f407xx.o


    Execution Region RW_IRAM2 (Exec base: 0x2001c000, Load base: 0x0800d2b4, Size: 0x00000000, Max: 0x00004000, ABSOLUTE)

    **** No section assigned to this execution region ****


==============================================================================

Image component sizes


      Code (inc. data)   RO Data    RW Data    ZI Data      Debug   Object Name

       388         22          0          4       1720      65525   cmsis_os2.o
        50          0          0          0          0       1364   delay.o
        84         20          0          0          0       1094   dev_config_1.o
         0          0          0          0          0      19504   event_groups.o
         0          0       1140          8          0       1413   font12.o
         0          0       6840          8          0       1413   font24.o
         0          0       4482         12          0       1423   font24cn.o
       186         30        321         34       6272       4476   freertos.o
       192         12          0          0          0        987   gpio.o
      1356        202         69          8         24      11582   gui_paint.o
       472         24          0         32      10240       4887   heap_4.o
       550         28          0          0          0       7697   iic.o
         0          0       7200          0          0        604   image.o
       316         18          0          0       3612       2905   imu.o
      4196        204         82         44          0      26465   inv_mpu.o
      2082        130       3062          0         16      19186   inv_mpu_dmp_motion_driver.o
      1438         56          0          6          0       8414   lcd_1in83.o
       138          0          0          0          0       3570   list.o
       270         46          0          0          0     724012   main.o
       414         34          0          9          0      33202   mpu6050.o
        40          6          0          0          0        530   mpu6050get.o
       786         82          0         12          0      11529   port.o
      1580         20          0          0         64      18486   queue.o
       488        190          0          0          0       1481   show.o
       172         20          0          0         88       1697   spi.o
        36          8        392          0       1536        836   startup_stm32f407xx.o
       116         18          0         12          0       8730   stm32f4xx_hal.o
       158         14          0          0          0      33050   stm32f4xx_hal_cortex.o
       182          0          0          0          0       2103   stm32f4xx_hal_dma.o
       532         46          0          0          0       3508   stm32f4xx_hal_gpio.o
        56          4          0          0          0        870   stm32f4xx_hal_msp.o
      1408         82          0          0          0       5933   stm32f4xx_hal_rcc.o
       842         16          0          0          0       4590   stm32f4xx_hal_spi.o
      1648        136          0          0          0      13739   stm32f4xx_hal_tim.o
       148         28          0          0          0       2497   stm32f4xx_hal_tim_ex.o
       152         18          0          0         72       1487   stm32f4xx_hal_timebase_tim.o
      1576         14          0          0          0      10552   stm32f4xx_hal_uart.o
        36         12          0          0          0       3735   stm32f4xx_it.o
         0          0          0          0          0        416   stream_buffer.o
        16          4         24          4          0       1135   system_stm32f4xx.o
      2148        166          0         60       1220      27325   tasks.o
       236         32          0          0         72       2299   tim.o
       972         80          0         20        280      32191   timers.o
       180         22          0          0         72       1730   usart.o

    ----------------------------------------------------------------------
     25692       1844      23652        280      25292    1130172   Object Totals
         0          0         32          0          0          0   (incl. Generated)
        52          0          8          7          4          0   (incl. Padding)

    ----------------------------------------------------------------------

      Code (inc. data)   RO Data    RW Data    ZI Data      Debug   Library Member Name

         0          0          0          0          0          0   entry.o
         0          0          0          0          0          0   entry10a.o
         0          0          0          0          0          0   entry11a.o
         4          0          0          0          0          0   entry12b.o
         8          4          0          0          0          0   entry2.o
         4          0          0          0          0          0   entry5.o
         0          0          0          0          0          0   entry7b.o
         0          0          0          0          0          0   entry8b.o
         8          4          0          0          0          0   entry9a.o
        30          0          0          0          0          0   handlers.o
        36          8          0          0          0         68   init.o
         0          0          0          0          0          0   iusefp.o
        98          0          0          0          0         84   ldiv.o
        30          0          0          0          0         68   llshl.o
        36          0          0          0          0         68   llsshr.o
        32          0          0          0          0         68   llushr.o
       188         20          0          0          0        160   malloc.o
        26          0          0          0          0         80   memcmp.o
        36          0          0          0          0         68   memcpya.o
        36          0          0          0          0        108   memseta.o
         0          0          0          8          0          0   mvars.o
      2268         96          0          0          0        616   printfa.o
         0          0          0          4          0          0   stdout.o
        14          0          0          0          0         68   strlen.o
        44          0          0          0          0         80   uidiv.o
        98          0          0          0          0         92   uldiv.o
        48          0          0          0          0         68   cdrcmple.o
        56          0          0          0          0         88   d2f.o
       334          0          0          0          0        148   dadd.o
       222          0          0          0          0        100   ddiv.o
       186          0          0          0          0        176   depilogue.o
        48          0          0          0          0         68   dfixul.o
        34          0          0          0          0         76   dflti.o
       228          0          0          0          0         96   dmul.o
        38          0          0          0          0         68   f2d.o
       110          0          0          0          0        168   fepilogue.o

    ----------------------------------------------------------------------
      4304        132          0         12          0       2684   Library Totals
         4          0          0          0          0          0   (incl. Padding)

    ----------------------------------------------------------------------

      Code (inc. data)   RO Data    RW Data    ZI Data      Debug   Library Name

      2996        132          0         12          0       1628   mc_w.l
      1304          0          0          0          0       1056   mf_w.l

    ----------------------------------------------------------------------
      4304        132          0         12          0       2684   Library Totals

    ----------------------------------------------------------------------

==============================================================================


      Code (inc. data)   RO Data    RW Data    ZI Data      Debug   

     29996       1976      23652        292      25292    1108656   Grand Totals
     29996       1976      23652        292      25292    1108656   ELF Image Totals
     29996       1976      23652        292          0          0   ROM Totals

==============================================================================

    Total RO  Size (Code + RO Data)                53648 (  52.39kB)
    Total RW  Size (RW Data + ZI Data)             25584 (  24.98kB)
    Total ROM Size (Code + RO Data + RW Data)      53940 (  52.68kB)

==============================================================================

